Archive member included to satisfy reference by file (symbol)

/Applications/ArmGNUToolchain/14.2.rel1/arm-none-eabi/bin/../lib/gcc/arm-none-eabi/14.2.1/thumb/v6-m/nofp/libgcc.a(_dvmd_tls.o)
                              CMakeFiles/softDDS.dir/Users/PCOLLA/Documents/GitHub/pico/pico-sdk/src/rp2_common/pico_divider/divider_hardware.S.o (__aeabi_idiv0)
/Applications/ArmGNUToolchain/14.2.rel1/arm-none-eabi/bin/../lib/gcc/arm-none-eabi/14.2.1/../../../../arm-none-eabi/lib/thumb/v6-m/nofp/libg.a(libc_a-calloc.o)
                              CMakeFiles/softDDS.dir/Users/PCOLLA/Documents/GitHub/pico/pico-sdk/src/rp2_common/pico_malloc/malloc.c.o (calloc)
/Applications/ArmGNUToolchain/14.2.rel1/arm-none-eabi/bin/../lib/gcc/arm-none-eabi/14.2.1/../../../../arm-none-eabi/lib/thumb/v6-m/nofp/libg.a(libc_a-callocr.o)
                              /Applications/ArmGNUToolchain/14.2.rel1/arm-none-eabi/bin/../lib/gcc/arm-none-eabi/14.2.1/../../../../arm-none-eabi/lib/thumb/v6-m/nofp/libg.a(libc_a-calloc.o) (_calloc_r)
/Applications/ArmGNUToolchain/14.2.rel1/arm-none-eabi/bin/../lib/gcc/arm-none-eabi/14.2.1/../../../../arm-none-eabi/lib/thumb/v6-m/nofp/libg.a(libc_a-malloc.o)
                              CMakeFiles/softDDS.dir/Users/PCOLLA/Documents/GitHub/pico/pico-sdk/src/rp2_common/pico_malloc/malloc.c.o (malloc)
/Applications/ArmGNUToolchain/14.2.rel1/arm-none-eabi/bin/../lib/gcc/arm-none-eabi/14.2.1/../../../../arm-none-eabi/lib/thumb/v6-m/nofp/libg.a(libc_a-mallocr.o)
                              /Applications/ArmGNUToolchain/14.2.rel1/arm-none-eabi/bin/../lib/gcc/arm-none-eabi/14.2.1/../../../../arm-none-eabi/lib/thumb/v6-m/nofp/libg.a(libc_a-callocr.o) (_malloc_r)
/Applications/ArmGNUToolchain/14.2.rel1/arm-none-eabi/bin/../lib/gcc/arm-none-eabi/14.2.1/../../../../arm-none-eabi/lib/thumb/v6-m/nofp/libg.a(libc_a-mlock.o)
                              /Applications/ArmGNUToolchain/14.2.rel1/arm-none-eabi/bin/../lib/gcc/arm-none-eabi/14.2.1/../../../../arm-none-eabi/lib/thumb/v6-m/nofp/libg.a(libc_a-mallocr.o) (__malloc_lock)
/Applications/ArmGNUToolchain/14.2.rel1/arm-none-eabi/bin/../lib/gcc/arm-none-eabi/14.2.1/../../../../arm-none-eabi/lib/thumb/v6-m/nofp/libg.a(libc_a-realloc.o)
                              CMakeFiles/softDDS.dir/Users/PCOLLA/Documents/GitHub/pico/pico-sdk/src/rp2_common/pico_malloc/malloc.c.o (realloc)
/Applications/ArmGNUToolchain/14.2.rel1/arm-none-eabi/bin/../lib/gcc/arm-none-eabi/14.2.1/../../../../arm-none-eabi/lib/thumb/v6-m/nofp/libg.a(libc_a-reallocr.o)
                              /Applications/ArmGNUToolchain/14.2.rel1/arm-none-eabi/bin/../lib/gcc/arm-none-eabi/14.2.1/../../../../arm-none-eabi/lib/thumb/v6-m/nofp/libg.a(libc_a-realloc.o) (_realloc_r)
/Applications/ArmGNUToolchain/14.2.rel1/arm-none-eabi/bin/../lib/gcc/arm-none-eabi/14.2.1/../../../../arm-none-eabi/lib/thumb/v6-m/nofp/libg.a(libc_a-memcmp.o)
                              CMakeFiles/softDDS.dir/Users/PCOLLA/Documents/GitHub/pico/pico-sdk/src/rp2_common/pico_atomic/atomic.c.o (memcmp)
/Applications/ArmGNUToolchain/14.2.rel1/arm-none-eabi/bin/../lib/gcc/arm-none-eabi/14.2.1/../../../../arm-none-eabi/lib/thumb/v6-m/nofp/libg.a(libc_a-memmove.o)
                              /Applications/ArmGNUToolchain/14.2.rel1/arm-none-eabi/bin/../lib/gcc/arm-none-eabi/14.2.1/../../../../arm-none-eabi/lib/thumb/v6-m/nofp/libg.a(libc_a-reallocr.o) (memmove)
/Applications/ArmGNUToolchain/14.2.rel1/arm-none-eabi/bin/../lib/gcc/arm-none-eabi/14.2.1/../../../../arm-none-eabi/lib/thumb/v6-m/nofp/libg.a(libc_a-lcltime_r.o)
                              CMakeFiles/softDDS.dir/Users/PCOLLA/Documents/GitHub/pico/pico-sdk/src/common/pico_util/datetime.c.o (localtime_r)
/Applications/ArmGNUToolchain/14.2.rel1/arm-none-eabi/bin/../lib/gcc/arm-none-eabi/14.2.1/../../../../arm-none-eabi/lib/thumb/v6-m/nofp/libg.a(libc_a-mktime.o)
                              CMakeFiles/softDDS.dir/Users/PCOLLA/Documents/GitHub/pico/pico-sdk/src/common/pico_util/datetime.c.o (mktime)
/Applications/ArmGNUToolchain/14.2.rel1/arm-none-eabi/bin/../lib/gcc/arm-none-eabi/14.2.1/../../../../arm-none-eabi/lib/thumb/v6-m/nofp/libg.a(libc_a-month_lengths.o)
                              /Applications/ArmGNUToolchain/14.2.rel1/arm-none-eabi/bin/../lib/gcc/arm-none-eabi/14.2.1/../../../../arm-none-eabi/lib/thumb/v6-m/nofp/libg.a(libc_a-lcltime_r.o) (__month_lengths)
/Applications/ArmGNUToolchain/14.2.rel1/arm-none-eabi/bin/../lib/gcc/arm-none-eabi/14.2.1/../../../../arm-none-eabi/lib/thumb/v6-m/nofp/libg.a(libc_a-tzcalc_limits.o)
                              /Applications/ArmGNUToolchain/14.2.rel1/arm-none-eabi/bin/../lib/gcc/arm-none-eabi/14.2.1/../../../../arm-none-eabi/lib/thumb/v6-m/nofp/libg.a(libc_a-lcltime_r.o) (__tzcalc_limits)
/Applications/ArmGNUToolchain/14.2.rel1/arm-none-eabi/bin/../lib/gcc/arm-none-eabi/14.2.1/../../../../arm-none-eabi/lib/thumb/v6-m/nofp/libg.a(libc_a-tzlock.o)
[...]
Memory Configuration

Name             Origin             Length             Attributes
FLASH            0x10000000         0x00200000         xr
RAM              0x20000000         0x00040000         xrw
SCRATCH_X        0x20040000         0x00001000         xrw
SCRATCH_Y        0x20041000         0x00001000         xrw
*default*        0x00000000         0xffffffff

Linker script and memory map

LOAD /Applications/ArmGNUToolchain/14.2.rel1/arm-none-eabi/bin/../lib/gcc/arm-none-eabi/14.2.1/thumb/v6-m/nofp/crti.o
LOAD /Applications/ArmGNUToolchain/14.2.rel1/arm-none-eabi/bin/../lib/gcc/arm-none-eabi/14.2.1/thumb/v6-m/nofp/crtbegin.o
LOAD /Applications/ArmGNUToolchain/14.2.rel1/arm-none-eabi/bin/../lib/gcc/arm-none-eabi/14.2.1/../../../../arm-none-eabi/lib/thumb/v6-m/nofp/crt0.o

.flash_begin    0x10000000        0x0
                0x10000000                        __flash_binary_start = .

.boot2          0x10000000      0x100
                0x10000000                        __boot2_start__ = .
 *(.boot2)
 .boot2         0x10000000      0x100 pico-sdk/src/rp2040/boot_stage2/CMakeFiles/bs2_default_library.dir/bs2_default_padded_checksummed.S.o
                0x10000100                        __boot2_end__ = .
                0x00000001                        ASSERT (((__boot2_end__ - __boot2_start__) == 0x100), ERROR: Pico second stage bootloader must be 256 bytes in size)

.text           0x10000100     0x7a84
                0x10000100                        __logical_binary_start = .
 *(.vectors)
 .vectors       0x10000100       0xd4 CMakeFiles/softDDS.dir/Users/PCOLLA/Documents/GitHub/pico/pico-sdk/src/rp2_common/pico_crt0/crt0.S.o
                0x10000100                __VECTOR_TABLE
                0x10000100                __vectors
                0x100001c0                __default_isrs_start
                0x100001c0                isr_invalid
                0x100001c2                isr_nmi
                0x100001c4                isr_hardfault
                0x100001c6                isr_svcall
                0x100001c8                isr_pendsv
                0x100001ca                isr_systick
                0x100001cc                isr_irq28
                0x100001cc                isr_irq19
                0x100001cc                isr_irq0
                0x100001cc                isr_irq6
                0x100001cc                isr_irq22
                0x100001cc                isr_irq17
                0x100001cc                isr_irq14
                0x100001cc                isr_irq2
                0x100001cc                isr_irq10
                0x100001cc                isr_irq8
                0x100001cc                isr_irq24
                0x100001cc                isr_irq1
                0x100001cc                isr_irq7
                0x100001cc                isr_irq21
                0x100001cc                isr_irq20
                0x100001cc                isr_irq15
                0x100001cc                isr_irq25
                0x100001cc                isr_irq4
                0x100001cc                isr_irq16
                0x100001cc                isr_irq29
                0x100001cc                isr_irq26
                0x100001cc                __default_isrs_end
                0x100001cc                isr_irq3
                0x100001cc                isr_irq9
                0x100001cc                __unhandled_user_irq
                0x100001cc                isr_irq13
                0x100001cc                isr_irq27
                0x100001cc                isr_irq31
                0x100001cc                isr_irq5
                0x100001cc                isr_irq11
                0x100001cc                isr_irq23
                0x100001cc                isr_irq18
                0x100001cc                isr_irq30
                0x100001cc                isr_irq12
                0x100001d2                unhandled_user_irq_num_in_r0
 *(.binary_info_header)
 .binary_info_header
                0x100001d4       0x14 CMakeFiles/softDDS.dir/Users/PCOLLA/Documents/GitHub/pico/pico-sdk/src/rp2_common/pico_crt0/crt0.S.o
                0x100001e8                        __binary_info_header_end = .
 *(.embedded_block)
                0x100001e8                        __embedded_block_end = .
 *(.reset)
 .reset         0x100001e8       0x9c CMakeFiles/softDDS.dir/Users/PCOLLA/Documents/GitHub/pico/pico-sdk/src/rp2_common/pico_crt0/crt0.S.o
                0x100001e8                _entry_point
 *(.init)
 .init          0x10000284        0x4 /Applications/ArmGNUToolchain/14.2.rel1/arm-none-eabi/bin/../lib/gcc/arm-none-eabi/14.2.1/thumb/v6-m/nofp/crti.o
                0x10000284                _init
 *(EXCLUDE_FILE(*libm.a: *libc.a:*lib_a-mem*.o *libgcc.a:) .text*)
 .text.register_tm_clones
                0x10000288       0x28 /Applications/ArmGNUToolchain/14.2.rel1/arm-none-eabi/bin/../lib/gcc/arm-none-eabi/14.2.1/thumb/v6-m/nofp/crtbegin.o
 .text.frame_dummy
                0x100002b0       0x24 /Applications/ArmGNUToolchain/14.2.rel1/arm-none-eabi/bin/../lib/gcc/arm-none-eabi/14.2.1/thumb/v6-m/nofp/crtbegin.o
 .text.blink_code
                0x100002d4       0x44 CMakeFiles/softDDS.dir/main.c.o
 .text.startup.main
                0x10000318      0x4a0 CMakeFiles/softDDS.dir/main.c.o
                0x10000318                main
 .text.find_optimal
                0x100007b8      0x300 CMakeFiles/softDDS.dir/quad.c.o
 .text.quad_init
                0x10000ab8       0xd8 CMakeFiles/softDDS.dir/quad.c.o
                0x10000ab8                quad_init
 .text.quad_request_frequency_and_reboot
                0x10000b90       0x20 CMakeFiles/softDDS.dir/quad.c.o
                0x10000b90                quad_request_frequency_and_reboot
 .text.quad_start
                0x10000bb0      0x1bc CMakeFiles/softDDS.dir/quad.c.o
                0x10000bb0                quad_start
 .text.quad_set_frequency
                0x10000d6c      0x1cc CMakeFiles/softDDS.dir/quad.c.o
                0x10000d6c                quad_set_frequency
 .text.tud_descriptor_device_cb
                0x10000f38        0x8 CMakeFiles/softDDS.dir/usb_descriptors.c.o
                0x10000f38                tud_descriptor_device_cb
 .text.tud_descriptor_configuration_cb
                0x10000f40        0x8 CMakeFiles/softDDS.dir/usb_descriptors.c.o
                0x10000f40                tud_descriptor_configuration_cb
 .text.tud_descriptor_string_cb
                0x10000f48       0x74 CMakeFiles/softDDS.dir/usb_descriptors.c.o
                0x10000f48                tud_descriptor_string_cb
 .text.gpio_set_function
                0x10000fbc       0x34 CMakeFiles/softDDS.dir/Users/PCOLLA/Documents/GitHub/pico/pico-sdk/src/rp2_common/hardware_gpio/gpio.c.o
                0x10000fbc                gpio_set_function
 .text.gpio_init
                0x10000ff0       0x40 CMakeFiles/softDDS.dir/Users/PCOLLA/Documents/GitHub/pico/pico-sdk/src/rp2_common/hardware_gpio/gpio.c.o
                0x10000ff0                gpio_init
 .text.rp2040_chip_version
                0x10001030        0xc CMakeFiles/softDDS.dir/Users/PCOLLA/Documents/GitHub/pico/pico-sdk/src/rp2040/pico_platform/platform.c.o
                0x10001030                rp2040_chip_version
 .text.panic    0x1000103c       0x30 CMakeFiles/softDDS.dir/Users/PCOLLA/Documents/GitHub/pico/pico-sdk/src/rp2_common/pico_platform_panic/panic.c.o
                0x1000103c                panic
 .text.hw_claim_lock
                0x1000106c       0x18 CMakeFiles/softDDS.dir/Users/PCOLLA/Documents/GitHub/pico/pico-sdk/src/common/hardware_claim/claim.c.o
                0x1000106c                hw_claim_lock
 .text.hw_claim_unlock
                0x10001084       0x14 CMakeFiles/softDDS.dir/Users/PCOLLA/Documents/GitHub/pico/pico-sdk/src/common/hardware_claim/claim.c.o
                0x10001084                hw_claim_unlock
 .text.hw_claim_or_assert
                0x10001098       0x44 CMakeFiles/softDDS.dir/Users/PCOLLA/Documents/GitHub/pico/pico-sdk/src/common/hardware_claim/claim.c.o
                0x10001098                hw_claim_or_assert
 .text.hw_claim_unused_from_range
                0x100010dc       0x88 CMakeFiles/softDDS.dir/Users/PCOLLA/Documents/GitHub/pico/pico-sdk/src/common/hardware_claim/claim.c.o
                0x100010dc                hw_claim_unused_from_range
 .text.next_striped_spin_lock_num
                0x10001164       0x18 CMakeFiles/softDDS.dir/Users/PCOLLA/Documents/GitHub/pico/pico-sdk/src/rp2_common/hardware_sync/sync.c.o
                0x10001164                next_striped_spin_lock_num
 .text.spin_lock_claim_unused
                0x1000117c       0x24 CMakeFiles/softDDS.dir/Users/PCOLLA/Documents/GitHub/pico/pico-sdk/src/rp2_common/hardware_sync/sync.c.o
                0x1000117c                spin_lock_claim_unused
 .text.spin_locks_reset
                0x100011a0       0x1c CMakeFiles/softDDS.dir/Users/PCOLLA/Documents/GitHub/pico/pico-sdk/src/rp2_common/hardware_sync_spin_lock/sync_spin_lock.c.o
                0x100011a0                spin_locks_reset
 .text.runtime_init_per_core_irq_priorities
                0x100011bc       0x24 CMakeFiles/softDDS.dir/Users/PCOLLA/Documents/GitHub/pico/pico-sdk/src/rp2_common/hardware_irq/irq.c.o
                0x100011bc                runtime_init_per_core_irq_priorities
 .text.irq_set_enabled
                0x100011e0       0x24 CMakeFiles/softDDS.dir/Users/PCOLLA/Documents/GitHub/pico/pico-sdk/src/rp2_common/hardware_irq/irq.c.o
                0x100011e0                irq_set_enabled
 .text.irq_set_exclusive_handler
                0x10001204       0x54 CMakeFiles/softDDS.dir/Users/PCOLLA/Documents/GitHub/pico/pico-sdk/src/rp2_common/hardware_irq/irq.c.o
                0x10001204                irq_set_exclusive_handler
 .text.irq_add_shared_handler
                0x10001258      0x1f4 CMakeFiles/softDDS.dir/Users/PCOLLA/Documents/GitHub/pico/pico-sdk/src/rp2_common/hardware_irq/irq.c.o
                0x10001258                irq_add_shared_handler
 .text.irq_remove_handler
                0x1000144c      0x1d4 CMakeFiles/softDDS.dir/Users/PCOLLA/Documents/GitHub/pico/pico-sdk/src/rp2_common/hardware_irq/irq.c.o
                0x1000144c                irq_remove_handler
 .text.irq_add_tail_to_free_list
                0x10001620       0xb4 CMakeFiles/softDDS.dir/Users/PCOLLA/Documents/GitHub/pico/pico-sdk/src/rp2_common/hardware_irq/irq.c.o
                0x10001620                irq_add_tail_to_free_list
 .text.lock_init
                0x100016d4       0x10 CMakeFiles/softDDS.dir/Users/PCOLLA/Documents/GitHub/pico/pico-sdk/src/common/pico_sync/lock_core.c.o
                0x100016d4                lock_init
 .text.runtime_init_mutex
                0x100016e4       0x50 CMakeFiles/softDDS.dir/Users/PCOLLA/Documents/GitHub/pico/pico-sdk/src/common/pico_sync/mutex.c.o
                0x100016e4                runtime_init_mutex
 .text.mutex_init
                0x10001734       0x1c CMakeFiles/softDDS.dir/Users/PCOLLA/Documents/GitHub/pico/pico-sdk/src/common/pico_sync/mutex.c.o
                0x10001734                mutex_init
 .text.critical_section_init
                0x10001750       0x1c CMakeFiles/softDDS.dir/Users/PCOLLA/Documents/GitHub/pico/pico-sdk/src/common/pico_sync/critical_section.c.o
                0x10001750                critical_section_init
 .text.sleep_until_callback
                0x1000176c       0x30 CMakeFiles/softDDS.dir/Users/PCOLLA/Documents/GitHub/pico/pico-sdk/src/common/pico_time/time.c.o
 .text.alarm_pool_irq_handler
                0x1000179c      0x2fc CMakeFiles/softDDS.dir/Users/PCOLLA/Documents/GitHub/pico/pico-sdk/src/common/pico_time/time.c.o
 .text.runtime_init_default_alarm_pool
                0x10001a98       0xdc CMakeFiles/softDDS.dir/Users/PCOLLA/Documents/GitHub/pico/pico-sdk/src/common/pico_time/time.c.o
                0x10001a98                runtime_init_default_alarm_pool
 .text.alarm_pool_add_alarm_at_force_in_context
                0x10001b74       0xb0 CMakeFiles/softDDS.dir/Users/PCOLLA/Documents/GitHub/pico/pico-sdk/src/common/pico_time/time.c.o
                0x10001b74                alarm_pool_add_alarm_at_force_in_context
 .text.alarm_pool_cancel_alarm
                0x10001c24       0x74 CMakeFiles/softDDS.dir/Users/PCOLLA/Documents/GitHub/pico/pico-sdk/src/common/pico_time/time.c.o
                0x10001c24                alarm_pool_cancel_alarm
 .text.sleep_ms
                0x10001c98       0xfc CMakeFiles/softDDS.dir/Users/PCOLLA/Documents/GitHub/pico/pico-sdk/src/common/pico_time/time.c.o
                0x10001c98                sleep_ms
 .text.best_effort_wfe_or_timeout
                0x10001d94       0xec CMakeFiles/softDDS.dir/Users/PCOLLA/Documents/GitHub/pico/pico-sdk/src/common/pico_time/time.c.o
                0x10001d94                best_effort_wfe_or_timeout
 .text.timer_hardware_alarm_claim
                0x10001e80       0x14 CMakeFiles/softDDS.dir/Users/PCOLLA/Documents/GitHub/pico/pico-sdk/src/rp2_common/hardware_timer/timer.c.o
                0x10001e80                timer_hardware_alarm_claim
 .text.timer_time_us_64
                0x10001e94       0x10 CMakeFiles/softDDS.dir/Users/PCOLLA/Documents/GitHub/pico/pico-sdk/src/rp2_common/hardware_timer/timer.c.o
                0x10001e94                timer_time_us_64
 .text.time_us_64
                0x10001ea4       0x14 CMakeFiles/softDDS.dir/Users/PCOLLA/Documents/GitHub/pico/pico-sdk/src/rp2_common/hardware_timer/timer.c.o
                0x10001ea4                time_us_64
 .text.busy_wait_us
                0x10001eb8       0x68 CMakeFiles/softDDS.dir/Users/PCOLLA/Documents/GitHub/pico/pico-sdk/src/rp2_common/hardware_timer/timer.c.o
                0x10001eb8                busy_wait_us
 .text.busy_wait_until
                0x10001f20       0x20 CMakeFiles/softDDS.dir/Users/PCOLLA/Documents/GitHub/pico/pico-sdk/src/rp2_common/hardware_timer/timer.c.o
                0x10001f20                busy_wait_until
 .text.uart_init
                0x10001f40      0x120 CMakeFiles/softDDS.dir/Users/PCOLLA/Documents/GitHub/pico/pico-sdk/src/rp2_common/hardware_uart/uart.c.o
                0x10001f40                uart_init
 .text.clock_configure
                0x10002060      0x110 CMakeFiles/softDDS.dir/Users/PCOLLA/Documents/GitHub/pico/pico-sdk/src/rp2_common/hardware_clocks/clocks.c.o
                0x10002060                clock_configure
 .text.clock_configure_int_divider
                0x10002170       0xf4 CMakeFiles/softDDS.dir/Users/PCOLLA/Documents/GitHub/pico/pico-sdk/src/rp2_common/hardware_clocks/clocks.c.o
                0x10002170                clock_configure_int_divider
 .text.clock_configure_undivided
                0x10002264       0xe8 CMakeFiles/softDDS.dir/Users/PCOLLA/Documents/GitHub/pico/pico-sdk/src/rp2_common/hardware_clocks/clocks.c.o
                0x10002264                clock_configure_undivided
 .text.clock_get_hz
                0x1000234c        0xc CMakeFiles/softDDS.dir/Users/PCOLLA/Documents/GitHub/pico/pico-sdk/src/rp2_common/hardware_clocks/clocks.c.o
                0x1000234c                clock_get_hz
 .text.set_sys_clock_pll
                0x10002358      0x1b8 CMakeFiles/softDDS.dir/Users/PCOLLA/Documents/GitHub/pico/pico-sdk/src/rp2_common/hardware_clocks/clocks.c.o
                0x10002358                set_sys_clock_pll
 .text.check_sys_clock_khz
                0x10002510      0x26c CMakeFiles/softDDS.dir/Users/PCOLLA/Documents/GitHub/pico/pico-sdk/src/rp2_common/hardware_clocks/clocks.c.o
                0x10002510                check_sys_clock_khz
 .text.pll_init
                0x1000277c       0xa4 CMakeFiles/softDDS.dir/Users/PCOLLA/Documents/GitHub/pico/pico-sdk/src/rp2_common/hardware_pll/pll.c.o
                0x1000277c                pll_init
 .text.watchdog_reboot
                0x10002820       0x9c CMakeFiles/softDDS.dir/Users/PCOLLA/Documents/GitHub/pico/pico-sdk/src/rp2_common/hardware_watchdog/watchdog.c.o
                0x10002820                watchdog_reboot
 .text.tick_start
                0x100028bc       0x10 CMakeFiles/softDDS.dir/Users/PCOLLA/Documents/GitHub/pico/pico-sdk/src/rp2_common/hardware_ticks/ticks.c.o
                0x100028bc                tick_start
 .text.rom_func_lookup
                0x100028cc       0x10 CMakeFiles/softDDS.dir/Users/PCOLLA/Documents/GitHub/pico/pico-sdk/src/rp2_common/pico_bootrom/bootrom.c.o
                0x100028cc                rom_func_lookup
 .text.rom_data_lookup
                0x100028dc       0x10 CMakeFiles/softDDS.dir/Users/PCOLLA/Documents/GitHub/pico/pico-sdk/src/rp2_common/pico_bootrom/bootrom.c.o
                0x100028dc                rom_data_lookup
 .text.rom_funcs_lookup
                0x100028ec       0x44 CMakeFiles/softDDS.dir/Users/PCOLLA/Documents/GitHub/pico/pico-sdk/src/rp2_common/pico_bootrom/bootrom.c.o
                0x100028ec                rom_funcs_lookup
 .text.xosc_init
                0x10002930       0x28 CMakeFiles/softDDS.dir/Users/PCOLLA/Documents/GitHub/pico/pico-sdk/src/rp2_common/hardware_xosc/xosc.c.o
                0x10002930                xosc_init
 .text.first_per_core_initializer
                0x10002958        0x4 CMakeFiles/softDDS.dir/Users/PCOLLA/Documents/GitHub/pico/pico-sdk/src/rp2_common/pico_runtime/runtime.c.o
 .text.hard_assertion_failure
                0x1000295c        0xc CMakeFiles/softDDS.dir/Users/PCOLLA/Documents/GitHub/pico/pico-sdk/src/rp2_common/pico_runtime/runtime.c.o
                0x1000295c                hard_assertion_failure
 .text.runtime_run_initializers
                0x10002968       0x28 CMakeFiles/softDDS.dir/Users/PCOLLA/Documents/GitHub/pico/pico-sdk/src/rp2_common/pico_runtime/runtime.c.o
                0x10002968                runtime_run_initializers
 .text.runtime_init_early_resets
                0x10002990       0x2c CMakeFiles/softDDS.dir/Users/PCOLLA/Documents/GitHub/pico/pico-sdk/src/rp2_common/pico_runtime_init/runtime_init.c.o
                0x10002990                runtime_init_early_resets
 .text.runtime_init_usb_power_down
                0x100029bc       0x1c CMakeFiles/softDDS.dir/Users/PCOLLA/Documents/GitHub/pico/pico-sdk/src/rp2_common/pico_runtime_init/runtime_init.c.o
                0x100029bc                runtime_init_usb_power_down
 .text.runtime_init_post_clock_resets
                0x100029d8       0x20 CMakeFiles/softDDS.dir/Users/PCOLLA/Documents/GitHub/pico/pico-sdk/src/rp2_common/pico_runtime_init/runtime_init.c.o
                0x100029d8                runtime_init_post_clock_resets
 .text.runtime_init_rp2040_gpio_ie_disable
                0x100029f8       0x14 CMakeFiles/softDDS.dir/Users/PCOLLA/Documents/GitHub/pico/pico-sdk/src/rp2_common/pico_runtime_init/runtime_init.c.o
                0x100029f8                runtime_init_rp2040_gpio_ie_disable
 .text.runtime_init_spin_locks_reset
                0x10002a0c        0x8 CMakeFiles/softDDS.dir/Users/PCOLLA/Documents/GitHub/pico/pico-sdk/src/rp2_common/pico_runtime_init/runtime_init.c.o
                0x10002a0c                runtime_init_spin_locks_reset
 .text.runtime_init_install_ram_vector_table
                0x10002a14       0x1c CMakeFiles/softDDS.dir/Users/PCOLLA/Documents/GitHub/pico/pico-sdk/src/rp2_common/pico_runtime_init/runtime_init.c.o
                0x10002a14                runtime_init_install_ram_vector_table
 .text.runtime_init_clocks
                0x10002a30       0xd8 CMakeFiles/softDDS.dir/Users/PCOLLA/Documents/GitHub/pico/pico-sdk/src/rp2_common/pico_runtime_init/runtime_init_clocks.c.o
                0x10002a30                runtime_init_clocks
 .text          0x10002b08       0x10 CMakeFiles/softDDS.dir/Users/PCOLLA/Documents/GitHub/pico/pico-sdk/src/rp2_common/pico_bit_ops/bit_ops_aeabi.S.o
 .text.__wrap___aeabi_idiv
                0x10002b18       0x50 CMakeFiles/softDDS.dir/Users/PCOLLA/Documents/GitHub/pico/pico-sdk/src/rp2_common/pico_divider/divider_hardware.S.o
                0x10002b18                __wrap___aeabi_idivmod
                0x10002b18                divmod_s32s32
                0x10002b18                div_s32s32
                0x10002b18                __wrap___aeabi_idiv
                0x10002b20                divmod_s32s32_unsafe
                0x10002b4c                divmod_s32s32_savestate
 .text.__wrap___aeabi_uidiv
                0x10002b68       0x4c CMakeFiles/softDDS.dir/Users/PCOLLA/Documents/GitHub/pico/pico-sdk/src/rp2_common/pico_divider/divider_hardware.S.o
                0x10002b68                __wrap___aeabi_uidiv
                0x10002b68                __wrap___aeabi_uidivmod
                0x10002b68                div_u32u32
                0x10002b68                divmod_u32u32
                0x10002b70                divmod_u32u32_unsafe
                0x10002b98                divmod_u32u32_savestate
 .text.__wrap___aeabi_ldiv
                0x10002bb4      0x424 CMakeFiles/softDDS.dir/Users/PCOLLA/Documents/GitHub/pico/pico-sdk/src/rp2_common/pico_divider/divider_hardware.S.o
                0x10002bb4                __wrap___aeabi_ldivmod
                0x10002bb4                div_s64s64
                0x10002bb4                divmod_s64s64
                0x10002be4                divmod_u64u64
                0x10002be4                div_u64u64
                0x10002be4                __wrap___aeabi_uldivmod
                0x10002bf4                divmod_u64u64_savestate
                0x10002c14                divmod_s64s64_unsafe
                0x10002c9c                divmod_u64u64_unsafe
 .text.__wrap___aeabi_darithmetic
                0x10002fd8       0x60 CMakeFiles/softDDS.dir/Users/PCOLLA/Documents/GitHub/pico/pico-sdk/src/rp2_common/pico_double/double_aeabi_rp2040.S.o
                0x10002fd8                __wrap___aeabi_drsub
                0x10002fde                __wrap___aeabi_dsub
                0x10002fe8                __wrap___aeabi_dadd
                0x10002ff2                __wrap___aeabi_ddiv
                0x10003026                __wrap___aeabi_dmul
 .text.__wrap___aeabi_cdcmple
                0x10003038       0x6c CMakeFiles/softDDS.dir/Users/PCOLLA/Documents/GitHub/pico/pico-sdk/src/rp2_common/pico_double/double_aeabi_rp2040.S.o
                0x10003038                __wrap___aeabi_cdrcmple
                0x10003048                __wrap___aeabi_cdcmple
                0x10003048                __wrap___aeabi_cdcmpeq
 .text.__wrap___aeabi_dcmplt
                0x100030a4        0xc CMakeFiles/softDDS.dir/Users/PCOLLA/Documents/GitHub/pico/pico-sdk/src/rp2_common/pico_double/double_aeabi_rp2040.S.o
                0x100030a4                __wrap___aeabi_dcmplt
 .text.__wrap___aeabi_dcmple
                0x100030b0       0x10 CMakeFiles/softDDS.dir/Users/PCOLLA/Documents/GitHub/pico/pico-sdk/src/rp2_common/pico_double/double_aeabi_rp2040.S.o
                0x100030b0                __wrap___aeabi_dcmple
 .text.__wrap___aeabi_dcmpge
                0x100030c0       0x10 CMakeFiles/softDDS.dir/Users/PCOLLA/Documents/GitHub/pico/pico-sdk/src/rp2_common/pico_double/double_aeabi_rp2040.S.o
                0x100030c0                __wrap___aeabi_dcmpge
 .text.__wrap___aeabi_dcmpgt
                0x100030d0        0xa CMakeFiles/softDDS.dir/Users/PCOLLA/Documents/GitHub/pico/pico-sdk/src/rp2_common/pico_double/double_aeabi_rp2040.S.o
                0x100030d0                __wrap___aeabi_dcmpgt
 .text.__wrap___aeabi_dcmpun
                0x100030da       0x18 CMakeFiles/softDDS.dir/Users/PCOLLA/Documents/GitHub/pico/pico-sdk/src/rp2_common/pico_double/double_aeabi_rp2040.S.o
                0x100030da                __wrap___aeabi_dcmpun
 *fill*         0x100030f2        0x2 
 .text.__wrap___aeabi_i2d
                0x100030f4       0x38 CMakeFiles/softDDS.dir/Users/PCOLLA/Documents/GitHub/pico/pico-sdk/src/rp2_common/pico_double/double_aeabi_rp2040.S.o
                0x100030f4                __wrap___aeabi_ui2d
                0x100030fc                __wrap___aeabi_i2d
 .text.__wrap___aeabi_d2iz
                0x1000312c       0x48 CMakeFiles/softDDS.dir/Users/PCOLLA/Documents/GitHub/pico/pico-sdk/src/rp2_common/pico_double/double_aeabi_rp2040.S.o
                0x1000312c                __wrap___aeabi_d2iz
                0x1000312c                double2int_z
 .text.__wrap___aeabi_d2uiz
                0x10003174       0x10 CMakeFiles/softDDS.dir/Users/PCOLLA/Documents/GitHub/pico/pico-sdk/src/rp2_common/pico_double/double_aeabi_rp2040.S.o
                0x10003174                double2uint
                0x10003174                __wrap___aeabi_d2uiz
 .text.missing_double_func_shim
                0x10003184        0xc CMakeFiles/softDDS.dir/Users/PCOLLA/Documents/GitHub/pico/pico-sdk/src/rp2_common/pico_double/double_init_rom_rp2040.c.o
 .text.__aeabi_double_init
                0x10003190       0xa0 CMakeFiles/softDDS.dir/Users/PCOLLA/Documents/GitHub/pico/pico-sdk/src/rp2_common/pico_double/double_init_rom_rp2040.c.o
                0x10003190                __aeabi_double_init
 .text.double_table_shim_on_use_helper
                0x10003230       0x2c CMakeFiles/softDDS.dir/Users/PCOLLA/Documents/GitHub/pico/pico-sdk/src/rp2_common/pico_double/double_v1_rom_shim_rp2040.S.o
                0x10003230                double_table_shim_on_use_helper
 .text.__aeabi_lmul
                0x1000325c       0x32 CMakeFiles/softDDS.dir/Users/PCOLLA/Documents/GitHub/pico/pico-sdk/src/rp2_common/pico_int64_ops/pico_int64_ops_aeabi.S.o
                0x1000325c                __wrap___aeabi_lmul
 *fill*         0x1000328e        0x2 
 .text.missing_float_func_shim
                0x10003290        0xc CMakeFiles/softDDS.dir/Users/PCOLLA/Documents/GitHub/pico/pico-sdk/src/rp2_common/pico_float/float_init_rom_rp2040.c.o
 .text.__aeabi_float_init
                0x1000329c       0x5c CMakeFiles/softDDS.dir/Users/PCOLLA/Documents/GitHub/pico/pico-sdk/src/rp2_common/pico_float/float_init_rom_rp2040.c.o
                0x1000329c                __aeabi_float_init
 .text          0x100032f8       0x10 CMakeFiles/softDDS.dir/Users/PCOLLA/Documents/GitHub/pico/pico-sdk/src/rp2_common/pico_mem_ops/mem_ops_aeabi.S.o
                0x100032f8                __aeabi_mem_init
 .text.memset   0x10003308        0xc CMakeFiles/softDDS.dir/Users/PCOLLA/Documents/GitHub/pico/pico-sdk/src/rp2_common/pico_mem_ops/mem_ops_aeabi.S.o
                0x10003308                __wrap_memset
 .text.memcpy   0x10003314        0xc CMakeFiles/softDDS.dir/Users/PCOLLA/Documents/GitHub/pico/pico-sdk/src/rp2_common/pico_mem_ops/mem_ops_aeabi.S.o
                0x10003314                __wrap___aeabi_memcpy
                0x10003314                __wrap_memcpy
 .text._out_buffer
                0x10003320        0x8 CMakeFiles/softDDS.dir/Users/PCOLLA/Documents/GitHub/pico/pico-sdk/src/rp2_common/pico_printf/printf.c.o
 .text._out_null
                0x10003328        0x4 CMakeFiles/softDDS.dir/Users/PCOLLA/Documents/GitHub/pico/pico-sdk/src/rp2_common/pico_printf/printf.c.o
 .text._out_rev
                0x1000332c       0xac CMakeFiles/softDDS.dir/Users/PCOLLA/Documents/GitHub/pico/pico-sdk/src/rp2_common/pico_printf/printf.c.o
 .text._ntoa_format
                0x100033d8      0x1cc CMakeFiles/softDDS.dir/Users/PCOLLA/Documents/GitHub/pico/pico-sdk/src/rp2_common/pico_printf/printf.c.o
 .text._out_char
                0x100035a4       0x10 CMakeFiles/softDDS.dir/Users/PCOLLA/Documents/GitHub/pico/pico-sdk/src/rp2_common/pico_printf/printf.c.o
 .text._ftoa    0x100035b4      0x4a8 CMakeFiles/softDDS.dir/Users/PCOLLA/Documents/GitHub/pico/pico-sdk/src/rp2_common/pico_printf/printf.c.o
 .text._etoa    0x10003a5c      0x57c CMakeFiles/softDDS.dir/Users/PCOLLA/Documents/GitHub/pico/pico-sdk/src/rp2_common/pico_printf/printf.c.o
 .text._vsnprintf
                0x10003fd8      0xbe0 CMakeFiles/softDDS.dir/Users/PCOLLA/Documents/GitHub/pico/pico-sdk/src/rp2_common/pico_printf/printf.c.o
 .text.__wrap_snprintf
                0x10004bb8       0x28 CMakeFiles/softDDS.dir/Users/PCOLLA/Documents/GitHub/pico/pico-sdk/src/rp2_common/pico_printf/printf.c.o
                0x10004bb8                __wrap_snprintf
 .text.weak_raw_vprintf
                0x10004be0       0x30 CMakeFiles/softDDS.dir/Users/PCOLLA/Documents/GitHub/pico/pico-sdk/src/rp2_common/pico_printf/printf.c.o
                0x10004be0                weak_raw_vprintf
 .text._exit    0x10004c10        0x4 CMakeFiles/softDDS.dir/Users/PCOLLA/Documents/GitHub/pico/pico-sdk/src/rp2_common/pico_clib_interface/newlib_interface.c.o
                0x10004c10                _exit
 .text.exit     0x10004c14        0x8 CMakeFiles/softDDS.dir/Users/PCOLLA/Documents/GitHub/pico/pico-sdk/src/rp2_common/pico_clib_interface/newlib_interface.c.o
                0x10004c14                exit
 .text.runtime_init
                0x10004c1c       0x2c CMakeFiles/softDDS.dir/Users/PCOLLA/Documents/GitHub/pico/pico-sdk/src/rp2_common/pico_clib_interface/newlib_interface.c.o
                0x10004c1c                runtime_init
 .text.stdio_out_chars_no_crlf
                0x10004c48       0x10 CMakeFiles/softDDS.dir/Users/PCOLLA/Documents/GitHub/pico/pico-sdk/src/rp2_common/pico_stdio/stdio.c.o
 .text.stdio_out_chars_crlf
                0x10004c58       0xb0 CMakeFiles/softDDS.dir/Users/PCOLLA/Documents/GitHub/pico/pico-sdk/src/rp2_common/pico_stdio/stdio.c.o
 .text.stdio_put_string
                0x10004d08       0xfc CMakeFiles/softDDS.dir/Users/PCOLLA/Documents/GitHub/pico/pico-sdk/src/rp2_common/pico_stdio/stdio.c.o
                0x10004d08                stdio_put_string
 .text.stdio_set_driver_enabled
                0x10004e04       0x30 CMakeFiles/softDDS.dir/Users/PCOLLA/Documents/GitHub/pico/pico-sdk/src/rp2_common/pico_stdio/stdio.c.o
                0x10004e04                stdio_set_driver_enabled
 .text.stdio_init_all
                0x10004e34        0xc CMakeFiles/softDDS.dir/Users/PCOLLA/Documents/GitHub/pico/pico-sdk/src/rp2_common/pico_stdio/stdio.c.o
                0x10004e34                stdio_init_all
 .text.__wrap_putchar
                0x10004e40       0x94 CMakeFiles/softDDS.dir/Users/PCOLLA/Documents/GitHub/pico/pico-sdk/src/rp2_common/pico_stdio/stdio.c.o
                0x10004e40                stdio_putchar
                0x10004e40                __wrap_putchar
 .text.__wrap_puts
                0x10004ed4       0x3c CMakeFiles/softDDS.dir/Users/PCOLLA/Documents/GitHub/pico/pico-sdk/src/rp2_common/pico_stdio/stdio.c.o
                0x10004ed4                __wrap_puts
                0x10004ed4                stdio_puts
 .text.stdio_uart_out_chars
                0x10004f10       0x4c CMakeFiles/softDDS.dir/Users/PCOLLA/Documents/GitHub/pico/pico-sdk/src/rp2_common/pico_stdio_uart/stdio_uart.c.o
 .text.stdio_uart_in_chars
                0x10004f5c       0x90 CMakeFiles/softDDS.dir/Users/PCOLLA/Documents/GitHub/pico/pico-sdk/src/rp2_common/pico_stdio_uart/stdio_uart.c.o
                0x10004f5c                stdio_uart_in_chars
 .text.on_uart_rx
                0x10004fec       0x28 CMakeFiles/softDDS.dir/Users/PCOLLA/Documents/GitHub/pico/pico-sdk/src/rp2_common/pico_stdio_uart/stdio_uart.c.o
 .text.stdio_uart_out_flush
                0x10005014       0x14 CMakeFiles/softDDS.dir/Users/PCOLLA/Documents/GitHub/pico/pico-sdk/src/rp2_common/pico_stdio_uart/stdio_uart.c.o
 .text.stdio_uart_set_chars_available_callback
                0x10005028       0x84 CMakeFiles/softDDS.dir/Users/PCOLLA/Documents/GitHub/pico/pico-sdk/src/rp2_common/pico_stdio_uart/stdio_uart.c.o
 .text.stdio_uart_init
                0x100050ac       0x50 CMakeFiles/softDDS.dir/Users/PCOLLA/Documents/GitHub/pico/pico-sdk/src/rp2_common/pico_stdio_uart/stdio_uart.c.o
                0x100050ac                stdio_uart_init
 .text.dcd_init
                0x100050fc       0x90 CMakeFiles/softDDS.dir/Users/PCOLLA/.pico-sdk/sdk/2.2.0/lib/tinyusb/src/portable/raspberrypi/rp2040/dcd_rp2040.c.o
                0x100050fc                dcd_init
 .text.dcd_int_enable
                0x1000518c        0xc CMakeFiles/softDDS.dir/Users/PCOLLA/.pico-sdk/sdk/2.2.0/lib/tinyusb/src/portable/raspberrypi/rp2040/dcd_rp2040.c.o
                0x1000518c                dcd_int_enable
 .text.dcd_set_address
                0x10005198       0x14 CMakeFiles/softDDS.dir/Users/PCOLLA/.pico-sdk/sdk/2.2.0/lib/tinyusb/src/portable/raspberrypi/rp2040/dcd_rp2040.c.o
                0x10005198                dcd_set_address
 .text.dcd_sof_enable
                0x100051ac       0x1c CMakeFiles/softDDS.dir/Users/PCOLLA/.pico-sdk/sdk/2.2.0/lib/tinyusb/src/portable/raspberrypi/rp2040/dcd_rp2040.c.o
                0x100051ac                dcd_sof_enable
 .text.dcd_edpt0_status_complete
                0x100051c8       0x1c CMakeFiles/softDDS.dir/Users/PCOLLA/.pico-sdk/sdk/2.2.0/lib/tinyusb/src/portable/raspberrypi/rp2040/dcd_rp2040.c.o
                0x100051c8                dcd_edpt0_status_complete
 .text.dcd_edpt_open
                0x100051e4      0x114 CMakeFiles/softDDS.dir/Users/PCOLLA/.pico-sdk/sdk/2.2.0/lib/tinyusb/src/portable/raspberrypi/rp2040/dcd_rp2040.c.o
                0x100051e4                dcd_edpt_open
 .text.dcd_edpt_iso_alloc
                0x100052f8       0xb8 CMakeFiles/softDDS.dir/Users/PCOLLA/.pico-sdk/sdk/2.2.0/lib/tinyusb/src/portable/raspberrypi/rp2040/dcd_rp2040.c.o
                0x100052f8                dcd_edpt_iso_alloc
 .text.dcd_edpt_iso_activate
                0x100053b0       0x48 CMakeFiles/softDDS.dir/Users/PCOLLA/.pico-sdk/sdk/2.2.0/lib/tinyusb/src/portable/raspberrypi/rp2040/dcd_rp2040.c.o
                0x100053b0                dcd_edpt_iso_activate
 .text.dcd_edpt_close_all
                0x100053f8        0x8 CMakeFiles/softDDS.dir/Users/PCOLLA/.pico-sdk/sdk/2.2.0/lib/tinyusb/src/portable/raspberrypi/rp2040/dcd_rp2040.c.o
                0x100053f8                dcd_edpt_close_all
 .text.dcd_edpt_xfer
                0x10005400       0x24 CMakeFiles/softDDS.dir/Users/PCOLLA/.pico-sdk/sdk/2.2.0/lib/tinyusb/src/portable/raspberrypi/rp2040/dcd_rp2040.c.o
                0x10005400                dcd_edpt_xfer
 .text.dcd_edpt_stall
                0x10005424       0x3c CMakeFiles/softDDS.dir/Users/PCOLLA/.pico-sdk/sdk/2.2.0/lib/tinyusb/src/portable/raspberrypi/rp2040/dcd_rp2040.c.o
                0x10005424                dcd_edpt_stall
 .text.dcd_edpt_clear_stall
                0x10005460       0x30 CMakeFiles/softDDS.dir/Users/PCOLLA/.pico-sdk/sdk/2.2.0/lib/tinyusb/src/portable/raspberrypi/rp2040/dcd_rp2040.c.o
                0x10005460                dcd_edpt_clear_stall
 .text.rp2040_usb_init
                0x10005490       0x40 CMakeFiles/softDDS.dir/Users/PCOLLA/.pico-sdk/sdk/2.2.0/lib/tinyusb/src/portable/raspberrypi/rp2040/rp2040_usb.c.o
                0x10005490                rp2040_usb_init
 .text.hw_endpoint_xfer_start
                0x100054d0       0x40 CMakeFiles/softDDS.dir/Users/PCOLLA/.pico-sdk/sdk/2.2.0/lib/tinyusb/src/portable/raspberrypi/rp2040/rp2040_usb.c.o
                0x100054d0                hw_endpoint_xfer_start
 .text.tud_vendor_control_xfer_cb
                0x10005510        0x4 CMakeFiles/softDDS.dir/Users/PCOLLA/.pico-sdk/sdk/2.2.0/lib/tinyusb/src/device/usbd.c.o
                0x10005510                tud_vendor_control_xfer_cb
 .text.tud_event_hook_cb
                0x10005514        0x4 CMakeFiles/softDDS.dir/Users/PCOLLA/.pico-sdk/sdk/2.2.0/lib/tinyusb/src/device/usbd.c.o
                0x10005514                tud_event_hook_cb
 .text.tud_sof_cb
                0x10005518        0x4 CMakeFiles/softDDS.dir/Users/PCOLLA/.pico-sdk/sdk/2.2.0/lib/tinyusb/src/device/usbd.c.o
                0x10005518                tud_sof_cb
 .text.tud_descriptor_bos_cb
                0x1000551c        0x4 CMakeFiles/softDDS.dir/Users/PCOLLA/.pico-sdk/sdk/2.2.0/lib/tinyusb/src/device/usbd.c.o
                0x1000551c                tud_descriptor_bos_cb
 .text.tud_descriptor_device_qualifier_cb
                0x10005520        0x4 CMakeFiles/softDDS.dir/Users/PCOLLA/.pico-sdk/sdk/2.2.0/lib/tinyusb/src/device/usbd.c.o
                0x10005520                tud_descriptor_device_qualifier_cb
 .text.tud_descriptor_other_speed_configuration_cb
                0x10005524        0x4 CMakeFiles/softDDS.dir/Users/PCOLLA/.pico-sdk/sdk/2.2.0/lib/tinyusb/src/device/usbd.c.o
                0x10005524                tud_descriptor_other_speed_configuration_cb
 .text.tud_mount_cb
                0x10005528        0x4 CMakeFiles/softDDS.dir/Users/PCOLLA/.pico-sdk/sdk/2.2.0/lib/tinyusb/src/device/usbd.c.o
                0x10005528                tud_mount_cb
 .text.tud_umount_cb
                0x1000552c        0x4 CMakeFiles/softDDS.dir/Users/PCOLLA/.pico-sdk/sdk/2.2.0/lib/tinyusb/src/device/usbd.c.o
                0x1000552c                tud_umount_cb
 .text.tud_suspend_cb
                0x10005530        0x4 CMakeFiles/softDDS.dir/Users/PCOLLA/.pico-sdk/sdk/2.2.0/lib/tinyusb/src/device/usbd.c.o
                0x10005530                tud_suspend_cb
 .text.tud_resume_cb
                0x10005534        0x4 CMakeFiles/softDDS.dir/Users/PCOLLA/.pico-sdk/sdk/2.2.0/lib/tinyusb/src/device/usbd.c.o
                0x10005534                tud_resume_cb
 .text.tud_speed_get
                0x10005538        0xc CMakeFiles/softDDS.dir/Users/PCOLLA/.pico-sdk/sdk/2.2.0/lib/tinyusb/src/device/usbd.c.o
                0x10005538                tud_speed_get
 .text.tud_mounted
                0x10005544       0x10 CMakeFiles/softDDS.dir/Users/PCOLLA/.pico-sdk/sdk/2.2.0/lib/tinyusb/src/device/usbd.c.o
                0x10005544                tud_mounted
 .text.tud_suspended
                0x10005554       0x10 CMakeFiles/softDDS.dir/Users/PCOLLA/.pico-sdk/sdk/2.2.0/lib/tinyusb/src/device/usbd.c.o
                0x10005554                tud_suspended
 .text.tud_rhport_init
                0x10005564       0xf4 CMakeFiles/softDDS.dir/Users/PCOLLA/.pico-sdk/sdk/2.2.0/lib/tinyusb/src/device/usbd.c.o
                0x10005564                tud_rhport_init
 .text.tud_task_ext
                0x10005658      0x800 CMakeFiles/softDDS.dir/Users/PCOLLA/.pico-sdk/sdk/2.2.0/lib/tinyusb/src/device/usbd.c.o
                0x10005658                tud_task_ext
 .text.usbd_open_edpt_pair
                0x10005e58       0x9c CMakeFiles/softDDS.dir/Users/PCOLLA/.pico-sdk/sdk/2.2.0/lib/tinyusb/src/device/usbd.c.o
                0x10005e58                usbd_open_edpt_pair
 .text.usbd_edpt_open
                0x10005ef4       0x34 CMakeFiles/softDDS.dir/Users/PCOLLA/.pico-sdk/sdk/2.2.0/lib/tinyusb/src/device/usbd.c.o
                0x10005ef4                usbd_edpt_open
 .text.usbd_edpt_claim
                0x10005f28       0x28 CMakeFiles/softDDS.dir/Users/PCOLLA/.pico-sdk/sdk/2.2.0/lib/tinyusb/src/device/usbd.c.o
                0x10005f28                usbd_edpt_claim
 .text.usbd_edpt_release
                0x10005f50       0x28 CMakeFiles/softDDS.dir/Users/PCOLLA/.pico-sdk/sdk/2.2.0/lib/tinyusb/src/device/usbd.c.o
                0x10005f50                usbd_edpt_release
 .text.usbd_edpt_xfer
                0x10005f78       0x4c CMakeFiles/softDDS.dir/Users/PCOLLA/.pico-sdk/sdk/2.2.0/lib/tinyusb/src/device/usbd.c.o
                0x10005f78                usbd_edpt_xfer
 .text.usbd_edpt_clear_stall
                0x10005fc4       0x38 CMakeFiles/softDDS.dir/Users/PCOLLA/.pico-sdk/sdk/2.2.0/lib/tinyusb/src/device/usbd.c.o
                0x10005fc4                usbd_edpt_clear_stall
 .text.usbd_edpt_iso_alloc
                0x10005ffc       0x18 CMakeFiles/softDDS.dir/Users/PCOLLA/.pico-sdk/sdk/2.2.0/lib/tinyusb/src/device/usbd.c.o
                0x10005ffc                usbd_edpt_iso_alloc
 .text.usbd_edpt_iso_activate
                0x10006014       0x5c CMakeFiles/softDDS.dir/Users/PCOLLA/.pico-sdk/sdk/2.2.0/lib/tinyusb/src/device/usbd.c.o
                0x10006014                usbd_edpt_iso_activate
 .text.tud_control_status
                0x10006070       0x2c CMakeFiles/softDDS.dir/Users/PCOLLA/.pico-sdk/sdk/2.2.0/lib/tinyusb/src/device/usbd_control.c.o
                0x10006070                tud_control_status
 .text.tud_control_xfer
                0x1000609c       0xa8 CMakeFiles/softDDS.dir/Users/PCOLLA/.pico-sdk/sdk/2.2.0/lib/tinyusb/src/device/usbd_control.c.o
                0x1000609c                tud_control_xfer
 .text.usbd_control_reset
                0x10006144       0x14 CMakeFiles/softDDS.dir/Users/PCOLLA/.pico-sdk/sdk/2.2.0/lib/tinyusb/src/device/usbd_control.c.o
                0x10006144                usbd_control_reset
 .text.usbd_control_set_complete_callback
                0x10006158        0xc CMakeFiles/softDDS.dir/Users/PCOLLA/.pico-sdk/sdk/2.2.0/lib/tinyusb/src/device/usbd_control.c.o
                0x10006158                usbd_control_set_complete_callback
 .text.usbd_control_set_request
                0x10006164       0x1c CMakeFiles/softDDS.dir/Users/PCOLLA/.pico-sdk/sdk/2.2.0/lib/tinyusb/src/device/usbd_control.c.o
                0x10006164                usbd_control_set_request
 .text.usbd_control_xfer_cb
                0x10006180       0xec CMakeFiles/softDDS.dir/Users/PCOLLA/.pico-sdk/sdk/2.2.0/lib/tinyusb/src/device/usbd_control.c.o
                0x10006180                usbd_control_xfer_cb
 .text.tud_audio_tx_done_pre_load_cb
                0x1000626c        0x4 CMakeFiles/softDDS.dir/Users/PCOLLA/.pico-sdk/sdk/2.2.0/lib/tinyusb/src/class/audio/audio_device.c.o
                0x1000626c                tud_audio_tx_done_pre_load_cb
 .text.tud_audio_tx_done_post_load_cb
                0x10006270        0x4 CMakeFiles/softDDS.dir/Users/PCOLLA/.pico-sdk/sdk/2.2.0/lib/tinyusb/src/class/audio/audio_device.c.o
                0x10006270                tud_audio_tx_done_post_load_cb
 .text.audiod_tx_done_cb.constprop.0
                0x10006274      0x168 CMakeFiles/softDDS.dir/Users/PCOLLA/.pico-sdk/sdk/2.2.0/lib/tinyusb/src/class/audio/audio_device.c.o
 .text.tud_audio_rx_done_pre_read_cb
                0x100063dc        0x4 CMakeFiles/softDDS.dir/Users/PCOLLA/.pico-sdk/sdk/2.2.0/lib/tinyusb/src/class/audio/audio_device.c.o
                0x100063dc                tud_audio_rx_done_pre_read_cb
 .text.tud_audio_rx_done_post_read_cb
                0x100063e0        0x4 CMakeFiles/softDDS.dir/Users/PCOLLA/.pico-sdk/sdk/2.2.0/lib/tinyusb/src/class/audio/audio_device.c.o
                0x100063e0                tud_audio_rx_done_post_read_cb
 .text.tud_audio_set_itf_cb
                0x100063e4        0x4 CMakeFiles/softDDS.dir/Users/PCOLLA/.pico-sdk/sdk/2.2.0/lib/tinyusb/src/class/audio/audio_device.c.o
                0x100063e4                tud_audio_set_itf_cb
 .text.tud_audio_set_itf_close_EP_cb
                0x100063e8        0x4 CMakeFiles/softDDS.dir/Users/PCOLLA/.pico-sdk/sdk/2.2.0/lib/tinyusb/src/class/audio/audio_device.c.o
                0x100063e8                tud_audio_set_itf_close_EP_cb
 .text.tud_audio_set_req_ep_cb
                0x100063ec        0x4 CMakeFiles/softDDS.dir/Users/PCOLLA/.pico-sdk/sdk/2.2.0/lib/tinyusb/src/class/audio/audio_device.c.o
                0x100063ec                tud_audio_set_req_ep_cb
 .text.tud_audio_set_req_itf_cb
                0x100063f0        0x4 CMakeFiles/softDDS.dir/Users/PCOLLA/.pico-sdk/sdk/2.2.0/lib/tinyusb/src/class/audio/audio_device.c.o
                0x100063f0                tud_audio_set_req_itf_cb
 .text.tud_audio_set_req_entity_cb
                0x100063f4        0x4 CMakeFiles/softDDS.dir/Users/PCOLLA/.pico-sdk/sdk/2.2.0/lib/tinyusb/src/class/audio/audio_device.c.o
                0x100063f4                tud_audio_set_req_entity_cb
 .text.tud_audio_get_req_ep_cb
                0x100063f8        0x4 CMakeFiles/softDDS.dir/Users/PCOLLA/.pico-sdk/sdk/2.2.0/lib/tinyusb/src/class/audio/audio_device.c.o
                0x100063f8                tud_audio_get_req_ep_cb
 .text.tud_audio_get_req_itf_cb
                0x100063fc        0x4 CMakeFiles/softDDS.dir/Users/PCOLLA/.pico-sdk/sdk/2.2.0/lib/tinyusb/src/class/audio/audio_device.c.o
                0x100063fc                tud_audio_get_req_itf_cb
 .text.tud_audio_get_req_entity_cb
                0x10006400        0x4 CMakeFiles/softDDS.dir/Users/PCOLLA/.pico-sdk/sdk/2.2.0/lib/tinyusb/src/class/audio/audio_device.c.o
                0x10006400                tud_audio_get_req_entity_cb
 .text.audiod_init
                0x10006404       0x90 CMakeFiles/softDDS.dir/Users/PCOLLA/.pico-sdk/sdk/2.2.0/lib/tinyusb/src/class/audio/audio_device.c.o
                0x10006404                audiod_init
 .text.audiod_deinit
                0x10006494        0x4 CMakeFiles/softDDS.dir/Users/PCOLLA/.pico-sdk/sdk/2.2.0/lib/tinyusb/src/class/audio/audio_device.c.o
                0x10006494                audiod_deinit
 .text.audiod_reset
                0x10006498       0x24 CMakeFiles/softDDS.dir/Users/PCOLLA/.pico-sdk/sdk/2.2.0/lib/tinyusb/src/class/audio/audio_device.c.o
                0x10006498                audiod_reset
 .text.audiod_open
                0x100064bc      0x15c CMakeFiles/softDDS.dir/Users/PCOLLA/.pico-sdk/sdk/2.2.0/lib/tinyusb/src/class/audio/audio_device.c.o
                0x100064bc                audiod_open
 .text.audiod_control_xfer_cb
                0x10006618      0x5ec CMakeFiles/softDDS.dir/Users/PCOLLA/.pico-sdk/sdk/2.2.0/lib/tinyusb/src/class/audio/audio_device.c.o
                0x10006618                audiod_control_xfer_cb
 .text.audiod_xfer_cb
                0x10006c04       0xc8 CMakeFiles/softDDS.dir/Users/PCOLLA/.pico-sdk/sdk/2.2.0/lib/tinyusb/src/class/audio/audio_device.c.o
                0x10006c04                audiod_xfer_cb
 .text._prep_out_transaction.isra.0
                0x10006ccc       0x6c CMakeFiles/softDDS.dir/Users/PCOLLA/.pico-sdk/sdk/2.2.0/lib/tinyusb/src/class/cdc/cdc_device.c.o
 .text.tud_cdc_n_write_flush
                0x10006d38       0x74 CMakeFiles/softDDS.dir/Users/PCOLLA/.pico-sdk/sdk/2.2.0/lib/tinyusb/src/class/cdc/cdc_device.c.o
                0x10006d38                tud_cdc_n_write_flush
 .text.tud_cdc_n_write
                0x10006dac       0x40 CMakeFiles/softDDS.dir/Users/PCOLLA/.pico-sdk/sdk/2.2.0/lib/tinyusb/src/class/cdc/cdc_device.c.o
                0x10006dac                tud_cdc_n_write
 .text.cdcd_init
                0x10006dec       0x70 CMakeFiles/softDDS.dir/Users/PCOLLA/.pico-sdk/sdk/2.2.0/lib/tinyusb/src/class/cdc/cdc_device.c.o
                0x10006dec                cdcd_init
 .text.cdcd_deinit
                0x10006e5c       0x30 CMakeFiles/softDDS.dir/Users/PCOLLA/.pico-sdk/sdk/2.2.0/lib/tinyusb/src/class/cdc/cdc_device.c.o
                0x10006e5c                cdcd_deinit
 .text.cdcd_reset
                0x10006e8c       0x4c CMakeFiles/softDDS.dir/Users/PCOLLA/.pico-sdk/sdk/2.2.0/lib/tinyusb/src/class/cdc/cdc_device.c.o
                0x10006e8c                cdcd_reset
 .text.cdcd_open
                0x10006ed8       0xa4 CMakeFiles/softDDS.dir/Users/PCOLLA/.pico-sdk/sdk/2.2.0/lib/tinyusb/src/class/cdc/cdc_device.c.o
                0x10006ed8                cdcd_open
 .text.cdcd_control_xfer_cb
                0x10006f7c       0xe8 CMakeFiles/softDDS.dir/Users/PCOLLA/.pico-sdk/sdk/2.2.0/lib/tinyusb/src/class/cdc/cdc_device.c.o
                0x10006f7c                cdcd_control_xfer_cb
 .text.cdcd_xfer_cb
                0x10007064      0x100 CMakeFiles/softDDS.dir/Users/PCOLLA/.pico-sdk/sdk/2.2.0/lib/tinyusb/src/class/cdc/cdc_device.c.o
                0x10007064                cdcd_xfer_cb
 .text.tu_edpt_claim
                0x10007164       0x50 CMakeFiles/softDDS.dir/Users/PCOLLA/.pico-sdk/sdk/2.2.0/lib/tinyusb/src/tusb.c.o
                0x10007164                tu_edpt_claim
 .text.tu_edpt_release
                0x100071b4       0x38 CMakeFiles/softDDS.dir/Users/PCOLLA/.pico-sdk/sdk/2.2.0/lib/tinyusb/src/tusb.c.o
                0x100071b4                tu_edpt_release
 .text.tu_edpt_validate
                0x100071ec       0x7c CMakeFiles/softDDS.dir/Users/PCOLLA/.pico-sdk/sdk/2.2.0/lib/tinyusb/src/tusb.c.o
                0x100071ec                tu_edpt_validate
 .text.tu_edpt_bind_driver
                0x10007268       0x34 CMakeFiles/softDDS.dir/Users/PCOLLA/.pico-sdk/sdk/2.2.0/lib/tinyusb/src/tusb.c.o
                0x10007268                tu_edpt_bind_driver
 .text.tu_fifo_config
                0x1000729c       0x6c CMakeFiles/softDDS.dir/Users/PCOLLA/.pico-sdk/sdk/2.2.0/lib/tinyusb/src/common/tusb_fifo.c.o
                0x1000729c                tu_fifo_config
 .text.tu_fifo_count
                0x10007308       0x2c CMakeFiles/softDDS.dir/Users/PCOLLA/.pico-sdk/sdk/2.2.0/lib/tinyusb/src/common/tusb_fifo.c.o
                0x10007308                tu_fifo_count
 .text.tu_fifo_empty
                0x10007334       0x10 CMakeFiles/softDDS.dir/Users/PCOLLA/.pico-sdk/sdk/2.2.0/lib/tinyusb/src/common/tusb_fifo.c.o
                0x10007334                tu_fifo_empty
 .text.tu_fifo_remaining
                0x10007344       0x2c CMakeFiles/softDDS.dir/Users/PCOLLA/.pico-sdk/sdk/2.2.0/lib/tinyusb/src/common/tusb_fifo.c.o
                0x10007344                tu_fifo_remaining
 .text.tu_fifo_read
                0x10007370       0x9c CMakeFiles/softDDS.dir/Users/PCOLLA/.pico-sdk/sdk/2.2.0/lib/tinyusb/src/common/tusb_fifo.c.o
                0x10007370                tu_fifo_read
 .text.tu_fifo_read_n
                0x1000740c       0xe8 CMakeFiles/softDDS.dir/Users/PCOLLA/.pico-sdk/sdk/2.2.0/lib/tinyusb/src/common/tusb_fifo.c.o
                0x1000740c                tu_fifo_read_n
 .text.tu_fifo_write
                0x100074f4       0xa4 CMakeFiles/softDDS.dir/Users/PCOLLA/.pico-sdk/sdk/2.2.0/lib/tinyusb/src/common/tusb_fifo.c.o
                0x100074f4                tu_fifo_write
 .text.tu_fifo_write_n
                0x10007598      0x178 CMakeFiles/softDDS.dir/Users/PCOLLA/.pico-sdk/sdk/2.2.0/lib/tinyusb/src/common/tusb_fifo.c.o
                0x10007598                tu_fifo_write_n
 .text.tu_fifo_clear
                0x10007710       0x40 CMakeFiles/softDDS.dir/Users/PCOLLA/.pico-sdk/sdk/2.2.0/lib/tinyusb/src/common/tusb_fifo.c.o
                0x10007710                tu_fifo_clear
 .text.tu_fifo_set_overwritable
                0x10007750       0x48 CMakeFiles/softDDS.dir/Users/PCOLLA/.pico-sdk/sdk/2.2.0/lib/tinyusb/src/common/tusb_fifo.c.o
                0x10007750                tu_fifo_set_overwritable
 .text.rp2040_usb_device_enumeration_fix
                0x10007798        0x4 CMakeFiles/softDDS.dir/Users/PCOLLA/Documents/GitHub/pico/pico-sdk/src/rp2_common/pico_fix/rp2040_usb_device_enumeration/rp2040_usb_device_enumeration.c.o
                0x10007798                rp2040_usb_device_enumeration_fix
 .text.startup._retrieve_unique_id_on_boot
                0x1000779c       0x10 CMakeFiles/softDDS.dir/Users/PCOLLA/Documents/GitHub/pico/pico-sdk/src/rp2_common/pico_unique_id/unique_id.c.o
 .text.flash_get_unique_id
                0x100077ac       0x3c CMakeFiles/softDDS.dir/Users/PCOLLA/Documents/GitHub/pico/pico-sdk/src/rp2_common/hardware_flash/flash.c.o
                0x100077ac                flash_get_unique_id
 .text.pio_add_program
                0x100077e8       0xf8 CMakeFiles/softDDS.dir/Users/PCOLLA/Documents/GitHub/pico/pico-sdk/src/rp2_common/hardware_pio/pio.c.o
                0x100077e8                pio_add_program
 .text.pio_sm_set_consecutive_pindirs
                0x100078e0       0xb4 CMakeFiles/softDDS.dir/Users/PCOLLA/Documents/GitHub/pico/pico-sdk/src/rp2_common/hardware_pio/pio.c.o
                0x100078e0                pio_sm_set_consecutive_pindirs
 .text.pio_sm_init
                0x10007994       0x9c CMakeFiles/softDDS.dir/Users/PCOLLA/Documents/GitHub/pico/pico-sdk/src/rp2_common/hardware_pio/pio.c.o
                0x10007994                pio_sm_init
 .text.strlen   0x10007a30       0x5c /Applications/ArmGNUToolchain/14.2.rel1/arm-none-eabi/bin/../lib/gcc/arm-none-eabi/14.2.1/../../../../arm-none-eabi/lib/thumb/v6-m/nofp/libg.a(libc_a-strlen-stub.o)
                0x10007a30                strlen
 *(.fini)
 .fini          0x10007a8c        0x4 /Applications/ArmGNUToolchain/14.2.rel1/arm-none-eabi/bin/../lib/gcc/arm-none-eabi/14.2.1/thumb/v6-m/nofp/crti.o
                0x10007a8c                _fini
 .fini.__stub   0x10007a90       0xb0 linker stubs
 *crtbegin.o(.ctors)
 *crtbegin?.o(.ctors)
 *(EXCLUDE_FILE(*crtend.o *crtend?.o) .ctors)
 *(SORT_BY_NAME(.ctors.*))
 *(.ctors)
 *crtbegin.o(.dtors)
 *crtbegin?.o(.dtors)
 *(EXCLUDE_FILE(*crtend.o *crtend?.o) .dtors)
 *(SORT_BY_NAME(.dtors.*))
 *(.dtors)
                0x10007b40                        . = ALIGN (0x4)
                0x10007b40                        PROVIDE (__preinit_array_start = .)
 *(SORT_BY_NAME(.preinit_array.*))
 .preinit_array.00100
                0x10007b40        0x4 CMakeFiles/softDDS.dir/Users/PCOLLA/Documents/GitHub/pico/pico-sdk/src/rp2_common/pico_runtime_init/runtime_init.c.o
                0x10007b40                __pre_init_runtime_init_early_resets
 .preinit_array.00101
                0x10007b44        0x4 CMakeFiles/softDDS.dir/Users/PCOLLA/Documents/GitHub/pico/pico-sdk/src/rp2_common/pico_runtime_init/runtime_init.c.o
                0x10007b44                __pre_init_runtime_init_usb_power_down
 .preinit_array.00275
                0x10007b48        0x4 CMakeFiles/softDDS.dir/Users/PCOLLA/Documents/GitHub/pico/pico-sdk/src/rp2_common/pico_bit_ops/bit_ops_aeabi.S.o
 .preinit_array.00300
                0x10007b4c        0x4 CMakeFiles/softDDS.dir/Users/PCOLLA/Documents/GitHub/pico/pico-sdk/src/rp2_common/pico_mem_ops/mem_ops_aeabi.S.o
 .preinit_array.00350
                0x10007b50        0x4 CMakeFiles/softDDS.dir/Users/PCOLLA/Documents/GitHub/pico/pico-sdk/src/rp2_common/pico_double/double_aeabi_rp2040.S.o
 .preinit_array.00350
                0x10007b54        0x4 CMakeFiles/softDDS.dir/Users/PCOLLA/Documents/GitHub/pico/pico-sdk/src/rp2_common/pico_float/float_aeabi_rp2040.S.o
 .preinit_array.00500
                0x10007b58        0x4 CMakeFiles/softDDS.dir/Users/PCOLLA/Documents/GitHub/pico/pico-sdk/src/rp2_common/pico_runtime_init/runtime_init.c.o
                0x10007b58                __pre_init_runtime_init_clocks
 .preinit_array.00600
                0x10007b5c        0x4 CMakeFiles/softDDS.dir/Users/PCOLLA/Documents/GitHub/pico/pico-sdk/src/rp2_common/pico_runtime_init/runtime_init.c.o
                0x10007b5c                __pre_init_runtime_init_post_clock_resets
 .preinit_array.00700
                0x10007b60        0x4 CMakeFiles/softDDS.dir/Users/PCOLLA/Documents/GitHub/pico/pico-sdk/src/rp2_common/pico_runtime_init/runtime_init.c.o
                0x10007b60                __pre_init_runtime_init_rp2040_gpio_ie_disable
 .preinit_array.01000
                0x10007b64        0x4 CMakeFiles/softDDS.dir/Users/PCOLLA/Documents/GitHub/pico/pico-sdk/src/rp2_common/pico_runtime_init/runtime_init.c.o
                0x10007b64                __pre_init_runtime_init_spin_locks_reset
 .preinit_array.01100
                0x10007b68        0x4 CMakeFiles/softDDS.dir/Users/PCOLLA/Documents/GitHub/pico/pico-sdk/src/common/pico_sync/mutex.c.o
                0x10007b68                __pre_init_runtime_init_mutex
 .preinit_array.10080
                0x10007b6c        0x4 CMakeFiles/softDDS.dir/Users/PCOLLA/Documents/GitHub/pico/pico-sdk/src/rp2_common/pico_runtime_init/runtime_init.c.o
                0x10007b6c                __pre_init_runtime_init_install_ram_vector_table
 .preinit_array.11000
                0x10007b70        0x4 CMakeFiles/softDDS.dir/Users/PCOLLA/Documents/GitHub/pico/pico-sdk/src/common/pico_time/time.c.o
                0x10007b70                __pre_init_runtime_init_default_alarm_pool
 .preinit_array.YYYYY
                0x10007b74        0x4 CMakeFiles/softDDS.dir/Users/PCOLLA/Documents/GitHub/pico/pico-sdk/src/rp2_common/pico_runtime/runtime.c.o
                0x10007b74                __pre_init_first_per_core_initializer
 .preinit_array.ZZZZZ.01200
                0x10007b78        0x4 CMakeFiles/softDDS.dir/Users/PCOLLA/Documents/GitHub/pico/pico-sdk/src/rp2_common/hardware_irq/irq.c.o
                0x10007b78                __pre_init_runtime_init_per_core_irq_priorities
 *(.preinit_array)
                0x10007b7c                        PROVIDE (__preinit_array_end = .)
                0x10007b7c                        . = ALIGN (0x4)
                0x10007b7c                        PROVIDE (__init_array_start = .)
 *(SORT_BY_NAME(.init_array.*))
 *(.init_array)
 .init_array    0x10007b7c        0x4 /Applications/ArmGNUToolchain/14.2.rel1/arm-none-eabi/bin/../lib/gcc/arm-none-eabi/14.2.1/thumb/v6-m/nofp/crtbegin.o
 .init_array    0x10007b80        0x4 CMakeFiles/softDDS.dir/Users/PCOLLA/Documents/GitHub/pico/pico-sdk/src/rp2_common/pico_unique_id/unique_id.c.o
                0x10007b84                        PROVIDE (__init_array_end = .)
                0x10007b84                        . = ALIGN (0x4)
                [!provide]                        PROVIDE (__fini_array_start = .)
 *(SORT_BY_NAME(.fini_array.*))
 *(.fini_array)
                [!provide]                        PROVIDE (__fini_array_end = .)
 *(.eh_frame*)
 .eh_frame      0x10007b84        0x0 /Applications/ArmGNUToolchain/14.2.rel1/arm-none-eabi/bin/../lib/gcc/arm-none-eabi/14.2.1/thumb/v6-m/nofp/crtbegin.o
                0x10007b84                        . = ALIGN (0x4)

.glue_7         0x10007b84        0x0
 .glue_7        0x10007b84        0x0 linker stubs

.glue_7t        0x10007b84        0x0
 .glue_7t       0x10007b84        0x0 linker stubs

.vfp11_veneer   0x10007b84        0x0
 .vfp11_veneer  0x10007b84        0x0 linker stubs

.v4_bx          0x10007b84        0x0
 .v4_bx         0x10007b84        0x0 linker stubs

.iplt           0x10007b84        0x0
 .iplt          0x10007b84        0x0 /Applications/ArmGNUToolchain/14.2.rel1/arm-none-eabi/bin/../lib/gcc/arm-none-eabi/14.2.1/thumb/v6-m/nofp/crtbegin.o

.rodata         0x10007b88      0x800
 *(EXCLUDE_FILE(*libm.a: *libc.a:*lib_a-mem*.o *libgcc.a:) .rodata*)
 .rodata.main.str1.4
                0x10007b88      0x2e4 CMakeFiles/softDDS.dir/main.c.o
                                0x142 (size before relaxing)
 .rodata.CSWTCH.32
                0x10007e6c       0x14 CMakeFiles/softDDS.dir/main.c.o
 .rodata.CSWTCH.31
                0x10007e80        0x5 CMakeFiles/softDDS.dir/main.c.o
 *fill*         0x10007e85        0x3 
 .rodata.quad_program
                0x10007e88        0x8 CMakeFiles/softDDS.dir/quad.c.o
 .rodata.quad_program_instructions
                0x10007e90        0x8 CMakeFiles/softDDS.dir/quad.c.o
 .rodata.str1.4
                0x10007e98       0x4f CMakeFiles/softDDS.dir/usb_descriptors.c.o
 .rodata.__compound_literal.0
                0x10007e98        0x2 CMakeFiles/softDDS.dir/usb_descriptors.c.o
 *fill*         0x10007e9a        0x2 
 .rodata.desc_configuration
                0x10007e9c      0x183 CMakeFiles/softDDS.dir/usb_descriptors.c.o
                0x10007e9c                desc_configuration
 *fill*         0x1000801f        0x1 
 .rodata.desc_device
                0x10008020       0x12 CMakeFiles/softDDS.dir/usb_descriptors.c.o
                0x10008020                desc_device
 .rodata.panic.str1.4
                0x10008032       0x12 CMakeFiles/softDDS.dir/Users/PCOLLA/Documents/GitHub/pico/pico-sdk/src/rp2_common/pico_platform_panic/panic.c.o
 .rodata.spin_lock_claim_unused.str1.4
                0x10008032       0x1b CMakeFiles/softDDS.dir/Users/PCOLLA/Documents/GitHub/pico/pico-sdk/src/rp2_common/hardware_sync/sync.c.o
 .rodata.timer_hardware_alarm_claim.str1.4
                0x10008032       0x22 CMakeFiles/softDDS.dir/Users/PCOLLA/Documents/GitHub/pico/pico-sdk/src/rp2_common/hardware_timer/timer.c.o
 .rodata.hard_assertion_failure.str1.4
                0x10008032        0xc CMakeFiles/softDDS.dir/Users/PCOLLA/Documents/GitHub/pico/pico-sdk/src/rp2_common/pico_runtime/runtime.c.o
 .rodata.missing_double_func_shim.str1.4
                0x10008032       0x18 CMakeFiles/softDDS.dir/Users/PCOLLA/Documents/GitHub/pico/pico-sdk/src/rp2_common/pico_double/double_init_rom_rp2040.c.o
 .rodata.missing_float_func_shim.str1.4
                0x10008032        0x1 CMakeFiles/softDDS.dir/Users/PCOLLA/Documents/GitHub/pico/pico-sdk/src/rp2_common/pico_float/float_init_rom_rp2040.c.o
 .rodata.str1.4
                0x10008032       0x3c CMakeFiles/softDDS.dir/Users/PCOLLA/Documents/GitHub/pico/pico-sdk/src/rp2_common/pico_standard_binary_info/standard_binary_info.c.o
 *fill*         0x10008032        0x2 
 .rodata.__bi_84
                0x10008034        0xc CMakeFiles/softDDS.dir/Users/PCOLLA/Documents/GitHub/pico/pico-sdk/src/rp2_common/pico_standard_binary_info/standard_binary_info.c.o
 .rodata.__bi_78
                0x10008040        0xc CMakeFiles/softDDS.dir/Users/PCOLLA/Documents/GitHub/pico/pico-sdk/src/rp2_common/pico_standard_binary_info/standard_binary_info.c.o
 .rodata.__bi_54
                0x1000804c        0xc CMakeFiles/softDDS.dir/Users/PCOLLA/Documents/GitHub/pico/pico-sdk/src/rp2_common/pico_standard_binary_info/standard_binary_info.c.o
 .rodata.__bi_48
                0x10008058        0xc CMakeFiles/softDDS.dir/Users/PCOLLA/Documents/GitHub/pico/pico-sdk/src/rp2_common/pico_standard_binary_info/standard_binary_info.c.o
 .rodata.__bi_42
                0x10008064        0xc CMakeFiles/softDDS.dir/Users/PCOLLA/Documents/GitHub/pico/pico-sdk/src/rp2_common/pico_standard_binary_info/standard_binary_info.c.o
 .rodata.__bi_34
                0x10008070        0xc CMakeFiles/softDDS.dir/Users/PCOLLA/Documents/GitHub/pico/pico-sdk/src/rp2_common/pico_standard_binary_info/standard_binary_info.c.o
 .rodata.__bi_26
                0x1000807c        0xc CMakeFiles/softDDS.dir/Users/PCOLLA/Documents/GitHub/pico/pico-sdk/src/rp2_common/pico_standard_binary_info/standard_binary_info.c.o
 .rodata._ftoa.str1.4
                0x10008088       0x15 CMakeFiles/softDDS.dir/Users/PCOLLA/Documents/GitHub/pico/pico-sdk/src/rp2_common/pico_printf/printf.c.o
 .rodata._vsnprintf
                0x10008088      0x19c CMakeFiles/softDDS.dir/Users/PCOLLA/Documents/GitHub/pico/pico-sdk/src/rp2_common/pico_printf/printf.c.o
 *fill*         0x10008224        0x4 
 .rodata.pow10.0
                0x10008228       0x50 CMakeFiles/softDDS.dir/Users/PCOLLA/Documents/GitHub/pico/pico-sdk/src/rp2_common/pico_printf/printf.c.o
 .rodata.crlf_str.0
                0x10008278        0x2 CMakeFiles/softDDS.dir/Users/PCOLLA/Documents/GitHub/pico/pico-sdk/src/rp2_common/pico_stdio/stdio.c.o
 .rodata.str1.4
                0x1000827a       0x2c CMakeFiles/softDDS.dir/Users/PCOLLA/Documents/GitHub/pico/pico-sdk/src/rp2_common/pico_stdio_uart/stdio_uart.c.o
 *fill*         0x1000827a        0x2 
 .rodata.__bi_45.4
                0x1000827c        0xc CMakeFiles/softDDS.dir/Users/PCOLLA/Documents/GitHub/pico/pico-sdk/src/rp2_common/pico_stdio_uart/stdio_uart.c.o
 .rodata.__bi_49.5
                0x10008288        0x8 CMakeFiles/softDDS.dir/Users/PCOLLA/Documents/GitHub/pico/pico-sdk/src/rp2_common/pico_stdio_uart/stdio_uart.c.o
 .rodata.__bi_50.6
                0x10008290        0x8 CMakeFiles/softDDS.dir/Users/PCOLLA/Documents/GitHub/pico/pico-sdk/src/rp2_common/pico_stdio_uart/stdio_uart.c.o
 .rodata.str1.4
                0x10008298       0x14 CMakeFiles/softDDS.dir/Users/PCOLLA/.pico-sdk/sdk/2.2.0/lib/tinyusb/src/portable/raspberrypi/rp2040/dcd_rp2040.c.o
 .rodata.str1.4
                0x10008298       0x48 CMakeFiles/softDDS.dir/Users/PCOLLA/.pico-sdk/sdk/2.2.0/lib/tinyusb/src/portable/raspberrypi/rp2040/rp2040_usb.c.o
 .rodata.tud_task_ext
                0x10008298       0x8c CMakeFiles/softDDS.dir/Users/PCOLLA/.pico-sdk/sdk/2.2.0/lib/tinyusb/src/device/usbd.c.o
 .rodata        0x10008324       0x1c CMakeFiles/softDDS.dir/Users/PCOLLA/.pico-sdk/sdk/2.2.0/lib/tinyusb/src/device/usbd.c.o
 .rodata._usbd_driver
                0x10008340       0x40 CMakeFiles/softDDS.dir/Users/PCOLLA/.pico-sdk/sdk/2.2.0/lib/tinyusb/src/device/usbd.c.o
 .rodata.__bi_163.0
                0x10008380        0x8 CMakeFiles/softDDS.dir/Users/PCOLLA/.pico-sdk/sdk/2.2.0/lib/tinyusb/hw/bsp/rp2040/family.c.o
                0x10008388                        . = ALIGN (0x4)
 *(SORT_BY_ALIGNMENT(SORT_BY_NAME(.flashdata*)))
                0x10008388                        . = ALIGN (0x4)

.ARM.extab
 *(.ARM.extab* .gnu.linkonce.armextab.*)
                0x10008388                        __exidx_start = .

.ARM.exidx
 *(.ARM.exidx* .gnu.linkonce.armexidx.*)
                0x10008388                        __exidx_end = .
                0x10008388                        . = ALIGN (0x4)
                0x10008388                        __binary_info_start = .

.binary_info    0x10008388       0x2c
 *(.binary_info.keep.*)
 .binary_info.keep.__bi_ptr84
                0x10008388        0x4 CMakeFiles/softDDS.dir/Users/PCOLLA/Documents/GitHub/pico/pico-sdk/src/rp2_common/pico_standard_binary_info/standard_binary_info.c.o
 .binary_info.keep.__bi_ptr78
                0x1000838c        0x4 CMakeFiles/softDDS.dir/Users/PCOLLA/Documents/GitHub/pico/pico-sdk/src/rp2_common/pico_standard_binary_info/standard_binary_info.c.o
 .binary_info.keep.__bi_ptr54
                0x10008390        0x4 CMakeFiles/softDDS.dir/Users/PCOLLA/Documents/GitHub/pico/pico-sdk/src/rp2_common/pico_standard_binary_info/standard_binary_info.c.o
 .binary_info.keep.__bi_ptr48
                0x10008394        0x4 CMakeFiles/softDDS.dir/Users/PCOLLA/Documents/GitHub/pico/pico-sdk/src/rp2_common/pico_standard_binary_info/standard_binary_info.c.o
 .binary_info.keep.__bi_ptr42
                0x10008398        0x4 CMakeFiles/softDDS.dir/Users/PCOLLA/Documents/GitHub/pico/pico-sdk/src/rp2_common/pico_standard_binary_info/standard_binary_info.c.o
 .binary_info.keep.__bi_ptr34
                0x1000839c        0x4 CMakeFiles/softDDS.dir/Users/PCOLLA/Documents/GitHub/pico/pico-sdk/src/rp2_common/pico_standard_binary_info/standard_binary_info.c.o
 .binary_info.keep.__bi_ptr26
                0x100083a0        0x4 CMakeFiles/softDDS.dir/Users/PCOLLA/Documents/GitHub/pico/pico-sdk/src/rp2_common/pico_standard_binary_info/standard_binary_info.c.o
 .binary_info.keep.__bi_ptr163
                0x100083a4        0x4 CMakeFiles/softDDS.dir/Users/PCOLLA/.pico-sdk/sdk/2.2.0/lib/tinyusb/hw/bsp/rp2040/family.c.o
 *(.binary_info.*)
 .binary_info.__bi_ptr50
                0x100083a8        0x4 CMakeFiles/softDDS.dir/Users/PCOLLA/Documents/GitHub/pico/pico-sdk/src/rp2_common/pico_stdio_uart/stdio_uart.c.o
 .binary_info.__bi_ptr49
                0x100083ac        0x4 CMakeFiles/softDDS.dir/Users/PCOLLA/Documents/GitHub/pico/pico-sdk/src/rp2_common/pico_stdio_uart/stdio_uart.c.o
 .binary_info.__bi_ptr45
                0x100083b0        0x4 CMakeFiles/softDDS.dir/Users/PCOLLA/Documents/GitHub/pico/pico-sdk/src/rp2_common/pico_stdio_uart/stdio_uart.c.o
                0x100083b4                        __binary_info_end = .

.rel.dyn        0x100083b4        0x0
 .rel.iplt      0x100083b4        0x0 /Applications/ArmGNUToolchain/14.2.rel1/arm-none-eabi/bin/../lib/gcc/arm-none-eabi/14.2.1/thumb/v6-m/nofp/crtbegin.o
                0x100083b4                        . = ALIGN (0x4)

.ram_vector_table
                0x20000000       0xc0
 *(.ram_vector_table)
 .ram_vector_table
                0x20000000       0xc0 CMakeFiles/softDDS.dir/Users/PCOLLA/Documents/GitHub/pico/pico-sdk/src/rp2_common/pico_runtime_init/runtime_init.c.o
                0x20000000                ram_vector_table

.uninitialized_data
                0x200000c0        0x0
                0x200000c0                        . = ALIGN (0x4)
 *(.uninitialized_data*)

.data           0x200000c0      0xfa8 load address 0x100083b4
                0x200000c0                        __data_start__ = .
 *(vtable)
 *(.time_critical*)
 .time_critical.mutex_try_enter_block_until
                0x200000c0       0x98 CMakeFiles/softDDS.dir/Users/PCOLLA/Documents/GitHub/pico/pico-sdk/src/common/pico_sync/mutex.c.o
                0x200000c0                mutex_try_enter_block_until
 .time_critical.mutex_enter_timeout_ms
                0x20000158       0x8c CMakeFiles/softDDS.dir/Users/PCOLLA/Documents/GitHub/pico/pico-sdk/src/common/pico_sync/mutex.c.o
                0x20000158                mutex_enter_timeout_ms
 .time_critical.mutex_exit
                0x200001e4       0x28 CMakeFiles/softDDS.dir/Users/PCOLLA/Documents/GitHub/pico/pico-sdk/src/common/pico_sync/mutex.c.o
                0x200001e4                mutex_exit
 .time_critical.reset_non_control_endpoints
                0x2000020c       0x68 CMakeFiles/softDDS.dir/Users/PCOLLA/.pico-sdk/sdk/2.2.0/lib/tinyusb/src/portable/raspberrypi/rp2040/dcd_rp2040.c.o
 .time_critical.hw_handle_buff_status
                0x20000274       0xa0 CMakeFiles/softDDS.dir/Users/PCOLLA/.pico-sdk/sdk/2.2.0/lib/tinyusb/src/portable/raspberrypi/rp2040/dcd_rp2040.c.o
 .time_critical.dcd_rp2040_irq
                0x20000314      0x554 CMakeFiles/softDDS.dir/Users/PCOLLA/.pico-sdk/sdk/2.2.0/lib/tinyusb/src/portable/raspberrypi/rp2040/dcd_rp2040.c.o
 .time_critical.prepare_ep_buffer
                0x20000868       0xc8 CMakeFiles/softDDS.dir/Users/PCOLLA/.pico-sdk/sdk/2.2.0/lib/tinyusb/src/portable/raspberrypi/rp2040/rp2040_usb.c.o
 .time_critical.sync_ep_buffer
                0x20000930       0x9c CMakeFiles/softDDS.dir/Users/PCOLLA/.pico-sdk/sdk/2.2.0/lib/tinyusb/src/portable/raspberrypi/rp2040/rp2040_usb.c.o
 .time_critical._hw_endpoint_xfer_sync
                0x200009cc       0x28 CMakeFiles/softDDS.dir/Users/PCOLLA/.pico-sdk/sdk/2.2.0/lib/tinyusb/src/portable/raspberrypi/rp2040/rp2040_usb.c.o
 .time_critical.e15_is_bulkin_ep
                0x200009f4       0x28 CMakeFiles/softDDS.dir/Users/PCOLLA/.pico-sdk/sdk/2.2.0/lib/tinyusb/src/portable/raspberrypi/rp2040/rp2040_usb.c.o
 .time_critical.e15_is_critical_frame_period
                0x20000a1c       0x34 CMakeFiles/softDDS.dir/Users/PCOLLA/.pico-sdk/sdk/2.2.0/lib/tinyusb/src/portable/raspberrypi/rp2040/rp2040_usb.c.o
 .time_critical.hw_endpoint_reset_transfer
                0x20000a50        0xc CMakeFiles/softDDS.dir/Users/PCOLLA/.pico-sdk/sdk/2.2.0/lib/tinyusb/src/portable/raspberrypi/rp2040/rp2040_usb.c.o
                0x20000a50                hw_endpoint_reset_transfer
 .time_critical._hw_endpoint_buffer_control_update32
                0x20000a5c       0x50 CMakeFiles/softDDS.dir/Users/PCOLLA/.pico-sdk/sdk/2.2.0/lib/tinyusb/src/portable/raspberrypi/rp2040/rp2040_usb.c.o
                0x20000a5c                _hw_endpoint_buffer_control_update32
 .time_critical.hw_endpoint_start_next_buffer
                0x20000aac       0x68 CMakeFiles/softDDS.dir/Users/PCOLLA/.pico-sdk/sdk/2.2.0/lib/tinyusb/src/portable/raspberrypi/rp2040/rp2040_usb.c.o
                0x20000aac                hw_endpoint_start_next_buffer
 .time_critical.hw_endpoint_xfer_continue
                0x20000b14       0x40 CMakeFiles/softDDS.dir/Users/PCOLLA/.pico-sdk/sdk/2.2.0/lib/tinyusb/src/portable/raspberrypi/rp2040/rp2040_usb.c.o
                0x20000b14                hw_endpoint_xfer_continue
 .time_critical.tinyusb
                0x20000b54      0x1e4 CMakeFiles/softDDS.dir/Users/PCOLLA/.pico-sdk/sdk/2.2.0/lib/tinyusb/src/device/usbd.c.o
                0x20000b54                dcd_event_handler
 .time_critical.tinyusb
                0x20000d38        0x4 CMakeFiles/softDDS.dir/Users/PCOLLA/.pico-sdk/sdk/2.2.0/lib/tinyusb/src/class/audio/audio_device.c.o
                0x20000d38                audiod_sof_isr
 .time_critical.flash_init_boot2_copyout
                0x20000d3c       0x30 CMakeFiles/softDDS.dir/Users/PCOLLA/Documents/GitHub/pico/pico-sdk/src/rp2_common/hardware_flash/flash.c.o
 .time_critical.flash_enable_xip_via_boot2
                0x20000d6c        0xc CMakeFiles/softDDS.dir/Users/PCOLLA/Documents/GitHub/pico/pico-sdk/src/rp2_common/hardware_flash/flash.c.o
 .time_critical.flash_cs_force
                0x20000d78       0x38 CMakeFiles/softDDS.dir/Users/PCOLLA/Documents/GitHub/pico/pico-sdk/src/rp2_common/hardware_flash/flash.c.o
 .time_critical.flash_do_cmd
                0x20000db0      0x130 CMakeFiles/softDDS.dir/Users/PCOLLA/Documents/GitHub/pico/pico-sdk/src/rp2_common/hardware_flash/flash.c.o
                0x20000db0                flash_do_cmd
 *(.text*)
 .text          0x20000ee0        0x4 /Applications/ArmGNUToolchain/14.2.rel1/arm-none-eabi/bin/../lib/gcc/arm-none-eabi/14.2.1/thumb/v6-m/nofp/libgcc.a(_dvmd_tls.o)
                0x20000ee0                __aeabi_ldiv0
                0x20000ee0                __aeabi_idiv0
 *fill*         0x20000ee4        0x4 
 .text.__stub   0x20000ee8       0x90 linker stubs
                0x20000f78                        . = ALIGN (0x4)
 *(.rodata*)
                0x20000f78                        . = ALIGN (0x4)
 *(.data*)
 .data.string_desc_arr
                0x20000f78       0x1c CMakeFiles/softDDS.dir/usb_descriptors.c.o
                0x20000f78                string_desc_arr
 .data.striped_spin_lock_num
                0x20000f94        0x1 CMakeFiles/softDDS.dir/Users/PCOLLA/Documents/GitHub/pico/pico-sdk/src/rp2_common/hardware_sync/sync.c.o
 *fill*         0x20000f95        0x3 
 .data          0x20000f98       0x48 CMakeFiles/softDDS.dir/Users/PCOLLA/Documents/GitHub/pico/pico-sdk/src/rp2_common/hardware_irq/irq_handler_chain.S.o
                0x20000f98                irq_handler_chain_slots
                0x20000fc8                irq_handler_chain_first_slot
                0x20000fd2                irq_handler_chain_remove_tail
 .data.default_alarm_pool
                0x20000fe0       0x18 CMakeFiles/softDDS.dir/Users/PCOLLA/Documents/GitHub/pico/pico-sdk/src/common/pico_time/time.c.o
 *fill*         0x20000ff8        0x8 
 .data.aeabi_bits_funcs
                0x20001000       0x10 CMakeFiles/softDDS.dir/Users/PCOLLA/Documents/GitHub/pico/pico-sdk/src/rp2_common/pico_bit_ops/bit_ops_aeabi.S.o
                0x20001000                aeabi_bits_funcs
                0x20001010                aeabi_bits_funcs_end
 .data.aeabi_mem_funcs
                0x20001010       0x10 CMakeFiles/softDDS.dir/Users/PCOLLA/Documents/GitHub/pico/pico-sdk/src/rp2_common/pico_mem_ops/mem_ops_aeabi.S.o
                0x20001010                aeabi_mem_funcs
                0x20001020                aeabi_mem_funcs_end
 .data.stdio_uart
                0x20001020       0x18 CMakeFiles/softDDS.dir/Users/PCOLLA/Documents/GitHub/pico/pico-sdk/src/rp2_common/pico_stdio_uart/stdio_uart.c.o
                0x20001020                stdio_uart
 .data._usbd_qdef
                0x20001038       0x1c CMakeFiles/softDDS.dir/Users/PCOLLA/.pico-sdk/sdk/2.2.0/lib/tinyusb/src/device/usbd.c.o
                0x20001038                _usbd_qdef
 .data._usbd_rhport
                0x20001054        0x1 CMakeFiles/softDDS.dir/Users/PCOLLA/.pico-sdk/sdk/2.2.0/lib/tinyusb/src/device/usbd.c.o
                0x20001058                        . = ALIGN (0x4)
 *fill*         0x20001055        0x3 
 *(.after_data.*)
                0x20001058                        . = ALIGN (0x4)
                0x20001058                        PROVIDE (__mutex_array_start = .)
 *(SORT_BY_NAME(.mutex_array.*))
 *(.mutex_array)
 .mutex_array   0x20001058        0x8 CMakeFiles/softDDS.dir/Users/PCOLLA/Documents/GitHub/pico/pico-sdk/src/rp2_common/pico_malloc/malloc.c.o
 .mutex_array   0x20001060        0x8 CMakeFiles/softDDS.dir/Users/PCOLLA/Documents/GitHub/pico/pico-sdk/src/rp2_common/pico_stdio/stdio.c.o
                0x20001068                        PROVIDE (__mutex_array_end = .)
                0x20001068                        . = ALIGN (0x4)
 *(.jcr)
                0x20001068                        . = ALIGN (0x4)

.tm_clone_table
                0x20001068        0x0 load address 0x1000935c
 .tm_clone_table
                0x20001068        0x0 /Applications/ArmGNUToolchain/14.2.rel1/arm-none-eabi/bin/../lib/gcc/arm-none-eabi/14.2.1/thumb/v6-m/nofp/crtbegin.o
 .tm_clone_table
                0x20001068        0x0 /Applications/ArmGNUToolchain/14.2.rel1/arm-none-eabi/bin/../lib/gcc/arm-none-eabi/14.2.1/thumb/v6-m/nofp/crtend.o

.igot.plt       0x20001068        0x0 load address 0x1000935c
 .igot.plt      0x20001068        0x0 /Applications/ArmGNUToolchain/14.2.rel1/arm-none-eabi/bin/../lib/gcc/arm-none-eabi/14.2.1/thumb/v6-m/nofp/crtbegin.o

.tdata          0x20001068        0x0 load address 0x1000935c
                0x20001068                        . = ALIGN (0x4)
 *(.tdata .tdata.* .gnu.linkonce.td.*)
                0x20001068                        __tdata_end = .
                0x20001068                        PROVIDE (__data_end__ = .)
                0x100083b4                        __etext = LOADADDR (.data)

.tbss           0x20001068        0x0 load address 0x1000935c
                0x20001068                        . = ALIGN (0x4)
                0x20001068                        __bss_start__ = .
                0x20001068                        __tls_base = .
 *(.tbss .tbss.* .gnu.linkonce.tb.*)
 *(.tcommon)
                0x20001068                        __tls_end = .

.bss            0x20001068     0x1b04 load address 0x1000935c
                0x20001068                        . = ALIGN (0x4)
                0x20001068                        __tbss_end = .
 *(SORT_BY_ALIGNMENT(SORT_BY_NAME(.bss*)))
 .bss.default_alarm_pool_entries
                0x20001068      0x180 CMakeFiles/softDDS.dir/Users/PCOLLA/Documents/GitHub/pico/pico-sdk/src/common/pico_time/time.c.o
 .bss.sd_table  0x200011e8      0x100 CMakeFiles/softDDS.dir/Users/PCOLLA/Documents/GitHub/pico/pico-sdk/src/rp2_common/pico_double/double_init_rom_rp2040.c.o
                0x200011e8                sd_table
 .bss._app_driver
                0x200012e8        0x4 CMakeFiles/softDDS.dir/Users/PCOLLA/.pico-sdk/sdk/2.2.0/lib/tinyusb/src/device/usbd.c.o
 .bss._audiod_fct
                0x200012ec       0x60 CMakeFiles/softDDS.dir/Users/PCOLLA/.pico-sdk/sdk/2.2.0/lib/tinyusb/src/class/audio/audio_device.c.o
 .bss._cdcd_epbuf
                0x2000134c       0x80 CMakeFiles/softDDS.dir/Users/PCOLLA/.pico-sdk/sdk/2.2.0/lib/tinyusb/src/class/cdc/cdc_device.c.o
 .bss._cdcd_fifo_cfg
                0x200013cc        0x1 CMakeFiles/softDDS.dir/Users/PCOLLA/.pico-sdk/sdk/2.2.0/lib/tinyusb/src/class/cdc/cdc_device.c.o
 *fill*         0x200013cd        0x3 
 .bss._cdcd_itf
                0x200013d0       0xc8 CMakeFiles/softDDS.dir/Users/PCOLLA/.pico-sdk/sdk/2.2.0/lib/tinyusb/src/class/cdc/cdc_device.c.o
 .bss._ctrl_epbuf
                0x20001498       0x40 CMakeFiles/softDDS.dir/Users/PCOLLA/.pico-sdk/sdk/2.2.0/lib/tinyusb/src/device/usbd_control.c.o
 .bss._ctrl_xfer
                0x200014d8       0x14 CMakeFiles/softDDS.dir/Users/PCOLLA/.pico-sdk/sdk/2.2.0/lib/tinyusb/src/device/usbd_control.c.o
 .bss._desc_str
                0x200014ec       0x40 CMakeFiles/softDDS.dir/usb_descriptors.c.o
 .bss._ubsd_mutexdef
                0x2000152c        0x8 CMakeFiles/softDDS.dir/Users/PCOLLA/.pico-sdk/sdk/2.2.0/lib/tinyusb/src/device/usbd.c.o
 .bss._usbd_dev
                0x20001534       0x54 CMakeFiles/softDDS.dir/Users/PCOLLA/.pico-sdk/sdk/2.2.0/lib/tinyusb/src/device/usbd.c.o
 .bss._usbd_mutex
                0x20001588        0x4 CMakeFiles/softDDS.dir/Users/PCOLLA/.pico-sdk/sdk/2.2.0/lib/tinyusb/src/device/usbd.c.o
 .bss._usbd_q   0x2000158c        0x4 CMakeFiles/softDDS.dir/Users/PCOLLA/.pico-sdk/sdk/2.2.0/lib/tinyusb/src/device/usbd.c.o
 .bss._usbd_qdef_buf
                0x20001590       0xc0 CMakeFiles/softDDS.dir/Users/PCOLLA/.pico-sdk/sdk/2.2.0/lib/tinyusb/src/device/usbd.c.o
                0x20001590                _usbd_qdef_buf
 .bss._used_instruction_space
                0x20001650        0x8 CMakeFiles/softDDS.dir/Users/PCOLLA/Documents/GitHub/pico/pico-sdk/src/rp2_common/hardware_pio/pio.c.o
 .bss.alt_setting_1
                0x20001658        0x2 CMakeFiles/softDDS.dir/Users/PCOLLA/.pico-sdk/sdk/2.2.0/lib/tinyusb/src/class/audio/audio_device.c.o
 *fill*         0x2000165a        0x2 
 .bss.boot2_copyout
                0x2000165c      0x100 CMakeFiles/softDDS.dir/Users/PCOLLA/Documents/GitHub/pico/pico-sdk/src/rp2_common/hardware_flash/flash.c.o
 .bss.chars_available_callback
                0x2000175c        0x4 CMakeFiles/softDDS.dir/Users/PCOLLA/Documents/GitHub/pico/pico-sdk/src/rp2_common/pico_stdio_uart/stdio_uart.c.o
 .bss.chars_available_param
                0x20001760        0x4 CMakeFiles/softDDS.dir/Users/PCOLLA/Documents/GitHub/pico/pico-sdk/src/rp2_common/pico_stdio_uart/stdio_uart.c.o
 .bss.claimed   0x20001764        0x4 CMakeFiles/softDDS.dir/Users/PCOLLA/Documents/GitHub/pico/pico-sdk/src/rp2_common/hardware_sync/sync.c.o
 .bss.claimed   0x20001768        0x1 CMakeFiles/softDDS.dir/Users/PCOLLA/Documents/GitHub/pico/pico-sdk/src/rp2_common/hardware_timer/timer.c.o
 *fill*         0x20001769        0x3 
 .bss.configured_freq
                0x2000176c       0x28 CMakeFiles/softDDS.dir/Users/PCOLLA/Documents/GitHub/pico/pico-sdk/src/rp2_common/hardware_clocks/clocks.c.o
 .bss.ctrl_blackout.0
                0x20001794        0x4 CMakeFiles/softDDS.dir/Users/PCOLLA/.pico-sdk/sdk/2.2.0/lib/tinyusb/src/class/audio/audio_device.c.o
 .bss.ctrl_buf_1
                0x20001798       0x40 CMakeFiles/softDDS.dir/Users/PCOLLA/.pico-sdk/sdk/2.2.0/lib/tinyusb/src/class/audio/audio_device.c.o
 .bss.drivers   0x200017d8        0x4 CMakeFiles/softDDS.dir/Users/PCOLLA/Documents/GitHub/pico/pico-sdk/src/rp2_common/pico_stdio/stdio.c.o
 .bss.e15_last_sof
                0x200017dc        0x4 CMakeFiles/softDDS.dir/Users/PCOLLA/.pico-sdk/sdk/2.2.0/lib/tinyusb/src/portable/raspberrypi/rp2040/rp2040_usb.c.o
                0x200017dc                e15_last_sof
 .bss.ep_in_ff_mutex_wr_1
                0x200017e0        0x8 CMakeFiles/softDDS.dir/Users/PCOLLA/.pico-sdk/sdk/2.2.0/lib/tinyusb/src/class/audio/audio_device.c.o
 .bss.ep_in_sw_buf
                0x200017e8      0x308 CMakeFiles/softDDS.dir/Users/PCOLLA/.pico-sdk/sdk/2.2.0/lib/tinyusb/src/class/audio/audio_device.c.o
 .bss.ep_out_ff_mutex_rd_1
                0x20001af0        0x8 CMakeFiles/softDDS.dir/Users/PCOLLA/.pico-sdk/sdk/2.2.0/lib/tinyusb/src/class/audio/audio_device.c.o
 .bss.ep_out_sw_buf
                0x20001af8      0x610 CMakeFiles/softDDS.dir/Users/PCOLLA/.pico-sdk/sdk/2.2.0/lib/tinyusb/src/class/audio/audio_device.c.o
 .bss.filter    0x20002108        0x4 CMakeFiles/softDDS.dir/Users/PCOLLA/Documents/GitHub/pico/pico-sdk/src/rp2_common/pico_stdio/stdio.c.o
 .bss.hi        0x2000210c       0x80 CMakeFiles/softDDS.dir/main.c.o
                0x2000210c                hi
 .bss.hw_endpoints
                0x2000218c      0x400 CMakeFiles/softDDS.dir/Users/PCOLLA/.pico-sdk/sdk/2.2.0/lib/tinyusb/src/portable/raspberrypi/rp2040/dcd_rp2040.c.o
 .bss.lazy_vsnprintf
                0x2000258c        0x4 CMakeFiles/softDDS.dir/Users/PCOLLA/Documents/GitHub/pico/pico-sdk/src/rp2_common/pico_printf/printf.c.o
 .bss.lin_buf_in
                0x20002590      0x184 CMakeFiles/softDDS.dir/Users/PCOLLA/.pico-sdk/sdk/2.2.0/lib/tinyusb/src/class/audio/audio_device.c.o
 .bss.lin_buf_out
                0x20002714      0x308 CMakeFiles/softDDS.dir/Users/PCOLLA/.pico-sdk/sdk/2.2.0/lib/tinyusb/src/class/audio/audio_device.c.o
 .bss.load_value
                0x20002a1c        0x4 CMakeFiles/softDDS.dir/Users/PCOLLA/Documents/GitHub/pico/pico-sdk/src/rp2_common/hardware_watchdog/watchdog.c.o
 .bss.next_buffer_ptr
                0x20002a20        0x4 CMakeFiles/softDDS.dir/Users/PCOLLA/.pico-sdk/sdk/2.2.0/lib/tinyusb/src/portable/raspberrypi/rp2040/dcd_rp2040.c.o
 .bss.object.0  0x20002a24       0x18 /Applications/ArmGNUToolchain/14.2.rel1/arm-none-eabi/bin/../lib/gcc/arm-none-eabi/14.2.1/thumb/v6-m/nofp/crtbegin.o
 .bss.pools     0x20002a3c       0x10 CMakeFiles/softDDS.dir/Users/PCOLLA/Documents/GitHub/pico/pico-sdk/src/common/pico_time/time.c.o
 .bss.retrieved_id
                0x20002a4c        0x8 CMakeFiles/softDDS.dir/Users/PCOLLA/Documents/GitHub/pico/pico-sdk/src/rp2_common/pico_unique_id/unique_id.c.o
 .bss.sf_clz_func
                0x20002a54        0x4 CMakeFiles/softDDS.dir/Users/PCOLLA/Documents/GitHub/pico/pico-sdk/src/rp2_common/pico_double/double_init_rom_rp2040.c.o
                0x20002a54                sf_clz_func
 .bss.sf_table  0x20002a58      0x100 CMakeFiles/softDDS.dir/Users/PCOLLA/Documents/GitHub/pico/pico-sdk/src/rp2_common/pico_float/float_init_rom_rp2040.c.o
                0x20002a58                sf_table
 .bss.sleep_notifier
                0x20002b58        0x4 CMakeFiles/softDDS.dir/Users/PCOLLA/Documents/GitHub/pico/pico-sdk/src/common/pico_time/time.c.o
 .bss.uart_char_to_line_feed
                0x20002b5c        0x4 CMakeFiles/softDDS.dir/Users/PCOLLA/Documents/GitHub/pico/pico-sdk/src/rp2_common/hardware_uart/uart.c.o
                0x20002b5c                uart_char_to_line_feed
 .bss.uart_instance
                0x20002b60        0x4 CMakeFiles/softDDS.dir/Users/PCOLLA/Documents/GitHub/pico/pico-sdk/src/rp2_common/pico_stdio_uart/stdio_uart.c.o
 .bss._app_driver_count
                0x20002b64        0x1 CMakeFiles/softDDS.dir/Users/PCOLLA/.pico-sdk/sdk/2.2.0/lib/tinyusb/src/device/usbd.c.o
 .bss._sof_enable
                0x20002b65        0x1 CMakeFiles/softDDS.dir/Users/PCOLLA/.pico-sdk/sdk/2.2.0/lib/tinyusb/src/portable/raspberrypi/rp2040/dcd_rp2040.c.o
 .bss._usbd_queued_setup
                0x20002b66        0x1 CMakeFiles/softDDS.dir/Users/PCOLLA/.pico-sdk/sdk/2.2.0/lib/tinyusb/src/device/usbd.c.o
 .bss.boot2_copyout_valid
                0x20002b67        0x1 CMakeFiles/softDDS.dir/Users/PCOLLA/Documents/GitHub/pico/pico-sdk/src/rp2_common/hardware_flash/flash.c.o
 .bss.irq_handler_chain_free_slot_head
                0x20002b68        0x1 CMakeFiles/softDDS.dir/Users/PCOLLA/Documents/GitHub/pico/pico-sdk/src/rp2_common/hardware_irq/irq.c.o
 *(COMMON)
                0x20002b6c                        . = ALIGN (0x4)
 *fill*         0x20002b69        0x3 
                0x20002b6c                        __bss_end__ = .

.heap           0x20002b6c      0x800 load address 0x1000935c
                0x20002b6c                        __end__ = .
                0x20002b6c                        end = __end__
 *(.heap*)
 .heap          0x20002b6c      0x800 CMakeFiles/softDDS.dir/Users/PCOLLA/Documents/GitHub/pico/pico-sdk/src/rp2_common/pico_crt0/crt0.S.o
                0x20040000                        __HeapLimit = (ORIGIN (RAM) + LENGTH (RAM))

.scratch_x      0x20040000        0x0 load address 0x1000935c
                0x20040000                        __scratch_x_start__ = .
 *(.scratch_x.*)
                0x20040000                        . = ALIGN (0x4)
                0x20040000                        __scratch_x_end__ = .
                0x1000935c                        __scratch_x_source__ = LOADADDR (.scratch_x)

.scratch_y      0x20041000        0x0 load address 0x1000935c
                0x20041000                        __scratch_y_start__ = .
 *(.scratch_y.*)
                0x20041000                        . = ALIGN (0x4)
                0x20041000                        __scratch_y_end__ = .
                0x1000935c                        __scratch_y_source__ = LOADADDR (.scratch_y)

.stack1_dummy   0x20040000      0x800
 *(.stack1*)
 .stack1        0x20040000      0x800 CMakeFiles/softDDS.dir/Users/PCOLLA/Documents/GitHub/pico/pico-sdk/src/rp2_common/pico_multicore/multicore.c.o

.stack_dummy    0x20041000      0x800
 *(.stack*)
 .stack         0x20041000      0x800 CMakeFiles/softDDS.dir/Users/PCOLLA/Documents/GitHub/pico/pico-sdk/src/rp2_common/pico_crt0/crt0.S.o

.flash_end      0x1000935c        0x0
 *(.embedded_end_block*)
                0x1000935c                        PROVIDE (__flash_binary_end = .)
                0x20040000                        __StackLimit = (ORIGIN (RAM) + LENGTH (RAM))
                0x20041000                        __StackOneTop = (ORIGIN (SCRATCH_X) + LENGTH (SCRATCH_X))
                0x20042000                        __StackTop = (ORIGIN (SCRATCH_Y) + LENGTH (SCRATCH_Y))
                0x20040800                        __StackOneBottom = (__StackOneTop - SIZEOF (.stack1_dummy))
                0x20041800                        __StackBottom = (__StackTop - SIZEOF (.stack_dummy))
                0x20042000                        PROVIDE (__stack = __StackTop)
                [!provide]                        PROVIDE (__heap_start = __end__)
                [!provide]                        PROVIDE (__heap_end = __HeapLimit)
                [!provide]                        PROVIDE (__tls_align = MAX (ALIGNOF (.tdata), ALIGNOF (.tbss)))
                [!provide]                        PROVIDE (__tls_size_align = (((__tls_size + __tls_align) - 0x1) & ~ ((__tls_align - 0x1))))
                [!provide]                        PROVIDE (__arm32_tls_tcb_offset = MAX (0x8, __tls_align))
                [!provide]                        PROVIDE (_end = __end__)
                [!provide]                        PROVIDE (__llvm_libc_heap_limit = __HeapLimit)
                0x00000001                        ASSERT ((__StackLimit >= __HeapLimit), region RAM overflowed)
                0x00000001                        ASSERT (((__binary_info_header_end - __logical_binary_start) <= 0x100), Binary info must be in first 256 bytes of the binary)
LOAD CMakeFiles/softDDS.dir/main.c.o
LOAD CMakeFiles/softDDS.dir/quad.c.o
LOAD CMakeFiles/softDDS.dir/usb_descriptors.c.o
LOAD CMakeFiles/softDDS.dir/Users/PCOLLA/Documents/GitHub/pico/pico-sdk/src/rp2_common/pico_stdlib/stdlib.c.o
LOAD CMakeFiles/softDDS.dir/Users/PCOLLA/Documents/GitHub/pico/pico-sdk/src/rp2_common/hardware_gpio/gpio.c.o
LOAD CMakeFiles/softDDS.dir/Users/PCOLLA/Documents/GitHub/pico/pico-sdk/src/rp2040/pico_platform/platform.c.o
LOAD CMakeFiles/softDDS.dir/Users/PCOLLA/Documents/GitHub/pico/pico-sdk/src/rp2_common/pico_platform_panic/panic.c.o
LOAD CMakeFiles/softDDS.dir/Users/PCOLLA/Documents/GitHub/pico/pico-sdk/src/common/hardware_claim/claim.c.o
LOAD CMakeFiles/softDDS.dir/Users/PCOLLA/Documents/GitHub/pico/pico-sdk/src/rp2_common/hardware_sync/sync.c.o
LOAD CMakeFiles/softDDS.dir/Users/PCOLLA/Documents/GitHub/pico/pico-sdk/src/rp2_common/hardware_sync_spin_lock/sync_spin_lock.c.o
LOAD CMakeFiles/softDDS.dir/Users/PCOLLA/Documents/GitHub/pico/pico-sdk/src/rp2_common/hardware_irq/irq.c.o
LOAD CMakeFiles/softDDS.dir/Users/PCOLLA/Documents/GitHub/pico/pico-sdk/src/rp2_common/hardware_irq/irq_handler_chain.S.o
LOAD CMakeFiles/softDDS.dir/Users/PCOLLA/Documents/GitHub/pico/pico-sdk/src/common/pico_sync/sem.c.o
LOAD CMakeFiles/softDDS.dir/Users/PCOLLA/Documents/GitHub/pico/pico-sdk/src/common/pico_sync/lock_core.c.o
LOAD CMakeFiles/softDDS.dir/Users/PCOLLA/Documents/GitHub/pico/pico-sdk/src/common/pico_sync/mutex.c.o
LOAD CMakeFiles/softDDS.dir/Users/PCOLLA/Documents/GitHub/pico/pico-sdk/src/common/pico_sync/critical_section.c.o
LOAD CMakeFiles/softDDS.dir/Users/PCOLLA/Documents/GitHub/pico/pico-sdk/src/common/pico_time/time.c.o
LOAD CMakeFiles/softDDS.dir/Users/PCOLLA/Documents/GitHub/pico/pico-sdk/src/common/pico_time/timeout_helper.c.o
LOAD CMakeFiles/softDDS.dir/Users/PCOLLA/Documents/GitHub/pico/pico-sdk/src/rp2_common/hardware_timer/timer.c.o
LOAD CMakeFiles/softDDS.dir/Users/PCOLLA/Documents/GitHub/pico/pico-sdk/src/common/pico_util/datetime.c.o
LOAD CMakeFiles/softDDS.dir/Users/PCOLLA/Documents/GitHub/pico/pico-sdk/src/common/pico_util/pheap.c.o
LOAD CMakeFiles/softDDS.dir/Users/PCOLLA/Documents/GitHub/pico/pico-sdk/src/common/pico_util/queue.c.o
LOAD CMakeFiles/softDDS.dir/Users/PCOLLA/Documents/GitHub/pico/pico-sdk/src/rp2_common/hardware_uart/uart.c.o
LOAD CMakeFiles/softDDS.dir/Users/PCOLLA/Documents/GitHub/pico/pico-sdk/src/rp2_common/hardware_clocks/clocks.c.o
LOAD CMakeFiles/softDDS.dir/Users/PCOLLA/Documents/GitHub/pico/pico-sdk/src/rp2_common/hardware_pll/pll.c.o
LOAD CMakeFiles/softDDS.dir/Users/PCOLLA/Documents/GitHub/pico/pico-sdk/src/rp2_common/hardware_vreg/vreg.c.o
LOAD CMakeFiles/softDDS.dir/Users/PCOLLA/Documents/GitHub/pico/pico-sdk/src/rp2_common/hardware_watchdog/watchdog.c.o
LOAD CMakeFiles/softDDS.dir/Users/PCOLLA/Documents/GitHub/pico/pico-sdk/src/rp2_common/hardware_ticks/ticks.c.o
LOAD CMakeFiles/softDDS.dir/Users/PCOLLA/Documents/GitHub/pico/pico-sdk/src/rp2_common/pico_bootrom/bootrom.c.o
LOAD CMakeFiles/softDDS.dir/Users/PCOLLA/Documents/GitHub/pico/pico-sdk/src/rp2_common/pico_bootrom/bootrom_lock.c.o
LOAD CMakeFiles/softDDS.dir/Users/PCOLLA/Documents/GitHub/pico/pico-sdk/src/rp2_common/hardware_boot_lock/boot_lock.c.o
LOAD CMakeFiles/softDDS.dir/Users/PCOLLA/Documents/GitHub/pico/pico-sdk/src/rp2_common/pico_flash/flash.c.o
LOAD CMakeFiles/softDDS.dir/Users/PCOLLA/Documents/GitHub/pico/pico-sdk/src/rp2_common/hardware_xosc/xosc.c.o
LOAD CMakeFiles/softDDS.dir/Users/PCOLLA/Documents/GitHub/pico/pico-sdk/src/rp2_common/hardware_divider/divider.S.o
LOAD CMakeFiles/softDDS.dir/Users/PCOLLA/Documents/GitHub/pico/pico-sdk/src/rp2_common/pico_runtime/runtime.c.o
LOAD CMakeFiles/softDDS.dir/Users/PCOLLA/Documents/GitHub/pico/pico-sdk/src/rp2_common/pico_runtime_init/runtime_init.c.o
LOAD CMakeFiles/softDDS.dir/Users/PCOLLA/Documents/GitHub/pico/pico-sdk/src/rp2_common/pico_runtime_init/runtime_init_clocks.c.o
LOAD CMakeFiles/softDDS.dir/Users/PCOLLA/Documents/GitHub/pico/pico-sdk/src/rp2_common/pico_runtime_init/runtime_init_stack_guard.c.o
LOAD CMakeFiles/softDDS.dir/Users/PCOLLA/Documents/GitHub/pico/pico-sdk/src/rp2_common/pico_bit_ops/bit_ops_aeabi.S.o
LOAD CMakeFiles/softDDS.dir/Users/PCOLLA/Documents/GitHub/pico/pico-sdk/src/rp2_common/pico_divider/divider_hardware.S.o
LOAD CMakeFiles/softDDS.dir/Users/PCOLLA/Documents/GitHub/pico/pico-sdk/src/rp2_common/pico_double/double_aeabi_rp2040.S.o
LOAD CMakeFiles/softDDS.dir/Users/PCOLLA/Documents/GitHub/pico/pico-sdk/src/rp2_common/pico_double/double_init_rom_rp2040.c.o
LOAD CMakeFiles/softDDS.dir/Users/PCOLLA/Documents/GitHub/pico/pico-sdk/src/rp2_common/pico_double/double_math.c.o